[    0.000000] Initializing cgroup subsys cpuset
[    0.000000] Initializing cgroup subsys cpu
[    0.000000] Initializing cgroup subsys cpuacct
[    0.000000] Linux version 4.2.0-rc4-00107-gdbe0811 (atwlam@linux-3k8s) (gcc version 4.8.3 20140911 (Red Hat 4.8.3-9) (GCC) ) #1 SMP Fri Jul 31 16:04:03 HKT 2015
[    0.000000] Command line: BOOT_IMAGE=/vmlinuz-4.2.0-rc4-00107-gdbe0811 root=/dev/mapper/centos_linux--3k8s-root ro rd.lvm.lv=centos_linux-3k8s/root crashkernel=auto rd.lvm.lv=centos_linux-3k8s/swap vconsole.font=latarcyrheb-sun16 vconsole.keymap=us rhgb quiet
[    0.000000] Disabled fast string operations
[    0.000000] x86/fpu: xstate_offset[2]: 0240, xstate_sizes[2]: 0100
[    0.000000] x86/fpu: Supporting XSAVE feature 0x01: 'x87 floating point registers'
[    0.000000] x86/fpu: Supporting XSAVE feature 0x02: 'SSE registers'
[    0.000000] x86/fpu: Supporting XSAVE feature 0x04: 'AVX registers'
[    0.000000] x86/fpu: Enabled xstate features 0x7, context size is 0x340 bytes, using 'standard' format.
[    0.000000] x86/fpu: Using 'eager' FPU context switches.
[    0.000000] e820: BIOS-provided physical RAM map:
[    0.000000] BIOS-e820: [mem 0x0000000000000000-0x000000000009efff] usable
[    0.000000] BIOS-e820: [mem 0x000000000009f000-0x000000000009ffff] reserved
[    0.000000] BIOS-e820: [mem 0x00000000000ca000-0x00000000000cbfff] reserved
[    0.000000] BIOS-e820: [mem 0x00000000000dc000-0x00000000000fffff] reserved
[    0.000000] BIOS-e820: [mem 0x0000000000100000-0x000000007fedffff] usable
[    0.000000] BIOS-e820: [mem 0x000000007fee0000-0x000000007fefefff] ACPI data
[    0.000000] BIOS-e820: [mem 0x000000007feff000-0x000000007fefffff] ACPI NVS
[    0.000000] BIOS-e820: [mem 0x000000007ff00000-0x000000007fffffff] usable
[    0.000000] BIOS-e820: [mem 0x00000000e0000000-0x00000000efffffff] reserved
[    0.000000] BIOS-e820: [mem 0x00000000fec00000-0x00000000fec0ffff] reserved
[    0.000000] BIOS-e820: [mem 0x00000000fee00000-0x00000000fee00fff] reserved
[    0.000000] BIOS-e820: [mem 0x00000000fffe0000-0x00000000ffffffff] reserved
[    0.000000] NX (Execute Disable) protection: active
[    0.000000] SMBIOS 2.4 present.
[    0.000000] DMI: VMware, Inc. VMware Virtual Platform/440BX Desktop Reference Platform, BIOS 6.00 07/02/2012
[    0.000000] Hypervisor detected: VMware
[    0.000000] e820: update [mem 0x00000000-0x00000fff] usable ==> reserved
[    0.000000] e820: remove [mem 0x000a0000-0x000fffff] usable
[    0.000000] e820: last_pfn = 0x80000 max_arch_pfn = 0x400000000
[    0.000000] MTRR default type: uncachable
[    0.000000] MTRR fixed ranges enabled:
[    0.000000]   00000-9FFFF write-back
[    0.000000]   A0000-BFFFF uncachable
[    0.000000]   C0000-CBFFF write-protect
[    0.000000]   CC000-EFFFF uncachable
[    0.000000]   F0000-FFFFF write-protect
[    0.000000] MTRR variable ranges enabled:
[    0.000000]   0 base 0000000000 mask FF80000000 write-back
[    0.000000]   1 disabled
[    0.000000]   2 disabled
[    0.000000]   3 disabled
[    0.000000]   4 disabled
[    0.000000]   5 disabled
[    0.000000]   6 disabled
[    0.000000]   7 disabled
[    0.000000] x86/PAT: PAT MSR is 0, disabled.
[    0.000000] found SMP MP-table at [mem 0x000f6bf0-0x000f6bff] mapped at [ffff8800000f6bf0]
[    0.000000] Base memory trampoline at [ffff880000099000] 99000 size 24576
[    0.000000] Using GB pages for direct mapping
[    0.000000] init_memory_mapping: [mem 0x00000000-0x000fffff]
[    0.000000]  [mem 0x00000000-0x000fffff] page 4k
[    0.000000] BRK [0x01f90000, 0x01f90fff] PGTABLE
[    0.000000] BRK [0x01f91000, 0x01f91fff] PGTABLE
[    0.000000] BRK [0x01f92000, 0x01f92fff] PGTABLE
[    0.000000] init_memory_mapping: [mem 0x7fc00000-0x7fdfffff]
[    0.000000]  [mem 0x7fc00000-0x7fdfffff] page 2M
[    0.000000] BRK [0x01f93000, 0x01f93fff] PGTABLE
[    0.000000] init_memory_mapping: [mem 0x60000000-0x7fbfffff]
[    0.000000]  [mem 0x60000000-0x7fbfffff] page 2M
[    0.000000] init_memory_mapping: [mem 0x40000000-0x5fffffff]
[    0.000000]  [mem 0x40000000-0x5fffffff] page 2M
[    0.000000] init_memory_mapping: [mem 0x00100000-0x3fffffff]
[    0.000000]  [mem 0x00100000-0x001fffff] page 4k
[    0.000000]  [mem 0x00200000-0x3fffffff] page 2M
[    0.000000] init_memory_mapping: [mem 0x7fe00000-0x7fedffff]
[    0.000000]  [mem 0x7fe00000-0x7fedffff] page 4k
[    0.000000] BRK [0x01f94000, 0x01f94fff] PGTABLE
[    0.000000] init_memory_mapping: [mem 0x7ff00000-0x7fffffff]
[    0.000000]  [mem 0x7ff00000-0x7fffffff] page 4k
[    0.000000] RAMDISK: [mem 0x3379f000-0x35bc7fff]
[    0.000000] ACPI: Early table checksum verification disabled
[    0.000000] ACPI: RSDP 0x00000000000F6B80 000024 (v02 PTLTD )
[    0.000000] ACPI: XSDT 0x000000007FEEDA5C 00005C (v01 INTEL  440BX    06040000 VMW  01324272)
[    0.000000] ACPI: FACP 0x000000007FEFEE98 0000F4 (v04 INTEL  440BX    06040000 PTL  000F4240)
[    0.000000] ACPI: DSDT 0x000000007FEEE63B 01085D (v01 PTLTD  Custom   06040000 MSFT 03000001)
[    0.000000] ACPI: FACS 0x000000007FEFFFC0 000040
[    0.000000] ACPI: FACS 0x000000007FEFFFC0 000040
[    0.000000] ACPI: BOOT 0x000000007FEEE613 000028 (v01 PTLTD  $SBFTBL$ 06040000  LTP 00000001)
[    0.000000] ACPI: APIC 0x000000007FEEE251 0003C2 (v01 PTLTD  ? APIC   06040000  LTP 00000000)
[    0.000000] ACPI: MCFG 0x000000007FEEE215 00003C (v01 PTLTD  $PCITBL$ 06040000  LTP 00000001)
[    0.000000] ACPI: SRAT 0x000000007FEEDB58 0004A8 (v02 VMWARE MEMPLUG  06040000 VMW  00000001)
[    0.000000] ACPI: HPET 0x000000007FEEDB20 000038 (v01 VMWARE VMW HPET 06040000 VMW  00000001)
[    0.000000] ACPI: WAET 0x000000007FEEDAF8 000028 (v01 VMWARE VMW WAET 06040000 VMW  00000001)
[    0.000000] ACPI: Local APIC address 0xfee00000
[    0.000000] system APIC only can use physical flat
[    0.000000] Setting APIC routing to physical flat.
[    0.000000] SRAT: PXM 0 -> APIC 0x00 -> Node 0
[    0.000000] SRAT: PXM 0 -> APIC 0x01 -> Node 0
[    0.000000] SRAT: PXM 0 -> APIC 0x02 -> Node 0
[    0.000000] SRAT: PXM 0 -> APIC 0x03 -> Node 0
[    0.000000] SRAT: PXM 0 -> APIC 0x04 -> Node 0
[    0.000000] SRAT: PXM 0 -> APIC 0x05 -> Node 0
[    0.000000] SRAT: PXM 0 -> APIC 0x06 -> Node 0
[    0.000000] SRAT: PXM 0 -> APIC 0x07 -> Node 0
[    0.000000] SRAT: PXM 0 -> APIC 0x08 -> Node 0
[    0.000000] SRAT: PXM 0 -> APIC 0x09 -> Node 0
[    0.000000] SRAT: PXM 0 -> APIC 0x0a -> Node 0
[    0.000000] SRAT: PXM 0 -> APIC 0x0b -> Node 0
[    0.000000] SRAT: PXM 0 -> APIC 0x0c -> Node 0
[    0.000000] SRAT: PXM 0 -> APIC 0x0d -> Node 0
[    0.000000] SRAT: PXM 0 -> APIC 0x0e -> Node 0
[    0.000000] SRAT: PXM 0 -> APIC 0x0f -> Node 0
[    0.000000] SRAT: PXM 0 -> APIC 0x10 -> Node 0
[    0.000000] SRAT: PXM 0 -> APIC 0x11 -> Node 0
[    0.000000] SRAT: PXM 0 -> APIC 0x12 -> Node 0
[    0.000000] SRAT: PXM 0 -> APIC 0x13 -> Node 0
[    0.000000] SRAT: PXM 0 -> APIC 0x14 -> Node 0
[    0.000000] SRAT: PXM 0 -> APIC 0x15 -> Node 0
[    0.000000] SRAT: PXM 0 -> APIC 0x16 -> Node 0
[    0.000000] SRAT: PXM 0 -> APIC 0x17 -> Node 0
[    0.000000] SRAT: PXM 0 -> APIC 0x18 -> Node 0
[    0.000000] SRAT: PXM 0 -> APIC 0x19 -> Node 0
[    0.000000] SRAT: PXM 0 -> APIC 0x1a -> Node 0
[    0.000000] SRAT: PXM 0 -> APIC 0x1b -> Node 0
[    0.000000] SRAT: PXM 0 -> APIC 0x1c -> Node 0
[    0.000000] SRAT: PXM 0 -> APIC 0x1d -> Node 0
[    0.000000] SRAT: PXM 0 -> APIC 0x1e -> Node 0
[    0.000000] SRAT: PXM 0 -> APIC 0x1f -> Node 0
[    0.000000] SRAT: PXM 0 -> APIC 0x20 -> Node 0
[    0.000000] SRAT: PXM 0 -> APIC 0x21 -> Node 0
[    0.000000] SRAT: PXM 0 -> APIC 0x22 -> Node 0
[    0.000000] SRAT: PXM 0 -> APIC 0x23 -> Node 0
[    0.000000] SRAT: PXM 0 -> APIC 0x24 -> Node 0
[    0.000000] SRAT: PXM 0 -> APIC 0x25 -> Node 0
[    0.000000] SRAT: PXM 0 -> APIC 0x26 -> Node 0
[    0.000000] SRAT: PXM 0 -> APIC 0x27 -> Node 0
[    0.000000] SRAT: PXM 0 -> APIC 0x28 -> Node 0
[    0.000000] SRAT: PXM 0 -> APIC 0x29 -> Node 0
[    0.000000] SRAT: PXM 0 -> APIC 0x2a -> Node 0
[    0.000000] SRAT: PXM 0 -> APIC 0x2b -> Node 0
[    0.000000] SRAT: PXM 0 -> APIC 0x2c -> Node 0
[    0.000000] SRAT: PXM 0 -> APIC 0x2d -> Node 0
[    0.000000] SRAT: PXM 0 -> APIC 0x2e -> Node 0
[    0.000000] SRAT: PXM 0 -> APIC 0x2f -> Node 0
[    0.000000] SRAT: PXM 0 -> APIC 0x30 -> Node 0
[    0.000000] SRAT: PXM 0 -> APIC 0x31 -> Node 0
[    0.000000] SRAT: PXM 0 -> APIC 0x32 -> Node 0
[    0.000000] SRAT: PXM 0 -> APIC 0x33 -> Node 0
[    0.000000] SRAT: PXM 0 -> APIC 0x34 -> Node 0
[    0.000000] SRAT: PXM 0 -> APIC 0x35 -> Node 0
[    0.000000] SRAT: PXM 0 -> APIC 0x36 -> Node 0
[    0.000000] SRAT: PXM 0 -> APIC 0x37 -> Node 0
[    0.000000] SRAT: PXM 0 -> APIC 0x38 -> Node 0
[    0.000000] SRAT: PXM 0 -> APIC 0x39 -> Node 0
[    0.000000] SRAT: PXM 0 -> APIC 0x3a -> Node 0
[    0.000000] SRAT: PXM 0 -> APIC 0x3b -> Node 0
[    0.000000] SRAT: PXM 0 -> APIC 0x3c -> Node 0
[    0.000000] SRAT: PXM 0 -> APIC 0x3d -> Node 0
[    0.000000] SRAT: PXM 0 -> APIC 0x3e -> Node 0
[    0.000000] SRAT: PXM 0 -> APIC 0x3f -> Node 0
[    0.000000] SRAT: Node 0 PXM 0 [mem 0x00000000-0x0009ffff]
[    0.000000] SRAT: Node 0 PXM 0 [mem 0x00100000-0x7fffffff]
[    0.000000] SRAT: Node 0 PXM 0 [mem 0x80000000-0xbfffffff] hotplug
[    0.000000] NUMA: Node 0 [mem 0x00000000-0x0009ffff] + [mem 0x00100000-0x7fffffff] -> [mem 0x00000000-0x7fffffff]
[    0.000000] NODE_DATA(0) allocated [mem 0x7ffd9000-0x7fffffff]
[    0.000000] kexec: crashkernel: memory value expected
[    0.000000]  [ffffea0000000000-ffffea0001ffffff] PMD -> [ffff88007d600000-ffff88007f5fffff] on node 0
[    0.000000] Zone ranges:
[    0.000000]   DMA      [mem 0x0000000000001000-0x0000000000ffffff]
[    0.000000]   DMA32    [mem 0x0000000001000000-0x000000007fffffff]
[    0.000000]   Normal   empty
[    0.000000] Movable zone start for each node
[    0.000000] Early memory node ranges
[    0.000000]   node   0: [mem 0x0000000000001000-0x000000000009efff]
[    0.000000]   node   0: [mem 0x0000000000100000-0x000000007fedffff]
[    0.000000]   node   0: [mem 0x000000007ff00000-0x000000007fffffff]
[    0.000000] Initmem setup node 0 [mem 0x0000000000001000-0x000000007fffffff]
[    0.000000] On node 0 totalpages: 524158
[    0.000000]   DMA zone: 64 pages used for memmap
[    0.000000]   DMA zone: 21 pages reserved
[    0.000000]   DMA zone: 3998 pages, LIFO batch:0
[    0.000000]   DMA32 zone: 8128 pages used for memmap
[    0.000000]   DMA32 zone: 520160 pages, LIFO batch:31
[    0.000000] ACPI: PM-Timer IO Port: 0x1008
[    0.000000] ACPI: Local APIC address 0xfee00000
[    0.000000] system APIC only can use physical flat
[    0.000000] ACPI: LAPIC_NMI (acpi_id[0x00] high edge lint[0x1])
[    0.000000] ACPI: LAPIC_NMI (acpi_id[0x01] high edge lint[0x1])
[    0.000000] ACPI: LAPIC_NMI (acpi_id[0x02] high edge lint[0x1])
[    0.000000] ACPI: LAPIC_NMI (acpi_id[0x03] high edge lint[0x1])
[    0.000000] ACPI: LAPIC_NMI (acpi_id[0x04] high edge lint[0x1])
[    0.000000] ACPI: LAPIC_NMI (acpi_id[0x05] high edge lint[0x1])
[    0.000000] ACPI: LAPIC_NMI (acpi_id[0x06] high edge lint[0x1])
[    0.000000] ACPI: LAPIC_NMI (acpi_id[0x07] high edge lint[0x1])
[    0.000000] ACPI: LAPIC_NMI (acpi_id[0x08] high edge lint[0x1])
[    0.000000] ACPI: LAPIC_NMI (acpi_id[0x09] high edge lint[0x1])
[    0.000000] ACPI: LAPIC_NMI (acpi_id[0x0a] high edge lint[0x1])
[    0.000000] ACPI: LAPIC_NMI (acpi_id[0x0b] high edge lint[0x1])
[    0.000000] ACPI: LAPIC_NMI (acpi_id[0x0c] high edge lint[0x1])
[    0.000000] ACPI: LAPIC_NMI (acpi_id[0x0d] high edge lint[0x1])
[    0.000000] ACPI: LAPIC_NMI (acpi_id[0x0e] high edge lint[0x1])
[    0.000000] ACPI: LAPIC_NMI (acpi_id[0x0f] high edge lint[0x1])
[    0.000000] ACPI: LAPIC_NMI (acpi_id[0x10] high edge lint[0x1])
[    0.000000] ACPI: LAPIC_NMI (acpi_id[0x11] high edge lint[0x1])
[    0.000000] ACPI: LAPIC_NMI (acpi_id[0x12] high edge lint[0x1])
[    0.000000] ACPI: LAPIC_NMI (acpi_id[0x13] high edge lint[0x1])
[    0.000000] ACPI: LAPIC_NMI (acpi_id[0x14] high edge lint[0x1])
[    0.000000] ACPI: LAPIC_NMI (acpi_id[0x15] high edge lint[0x1])
[    0.000000] ACPI: LAPIC_NMI (acpi_id[0x16] high edge lint[0x1])
[    0.000000] ACPI: LAPIC_NMI (acpi_id[0x17] high edge lint[0x1])
[    0.000000] ACPI: LAPIC_NMI (acpi_id[0x18] high edge lint[0x1])
[    0.000000] ACPI: LAPIC_NMI (acpi_id[0x19] high edge lint[0x1])
[    0.000000] ACPI: LAPIC_NMI (acpi_id[0x1a] high edge lint[0x1])
[    0.000000] ACPI: LAPIC_NMI (acpi_id[0x1b] high edge lint[0x1])
[    0.000000] ACPI: LAPIC_NMI (acpi_id[0x1c] high edge lint[0x1])
[    0.000000] ACPI: LAPIC_NMI (acpi_id[0x1d] high edge lint[0x1])
[    0.000000] ACPI: LAPIC_NMI (acpi_id[0x1e] high edge lint[0x1])
[    0.000000] ACPI: LAPIC_NMI (acpi_id[0x1f] high edge lint[0x1])
[    0.000000] ACPI: LAPIC_NMI (acpi_id[0x20] high edge lint[0x1])
[    0.000000] ACPI: LAPIC_NMI (acpi_id[0x21] high edge lint[0x1])
[    0.000000] ACPI: LAPIC_NMI (acpi_id[0x22] high edge lint[0x1])
[    0.000000] ACPI: LAPIC_NMI (acpi_id[0x23] high edge lint[0x1])
[    0.000000] ACPI: LAPIC_NMI (acpi_id[0x24] high edge lint[0x1])
[    0.000000] ACPI: LAPIC_NMI (acpi_id[0x25] high edge lint[0x1])
[    0.000000] ACPI: LAPIC_NMI (acpi_id[0x26] high edge lint[0x1])
[    0.000000] ACPI: LAPIC_NMI (acpi_id[0x27] high edge lint[0x1])
[    0.000000] ACPI: LAPIC_NMI (acpi_id[0x28] high edge lint[0x1])
[    0.000000] ACPI: LAPIC_NMI (acpi_id[0x29] high edge lint[0x1])
[    0.000000] ACPI: LAPIC_NMI (acpi_id[0x2a] high edge lint[0x1])
[    0.000000] ACPI: LAPIC_NMI (acpi_id[0x2b] high edge lint[0x1])
[    0.000000] ACPI: LAPIC_NMI (acpi_id[0x2c] high edge lint[0x1])
[    0.000000] ACPI: LAPIC_NMI (acpi_id[0x2d] high edge lint[0x1])
[    0.000000] ACPI: LAPIC_NMI (acpi_id[0x2e] high edge lint[0x1])
[    0.000000] ACPI: LAPIC_NMI (acpi_id[0x2f] high edge lint[0x1])
[    0.000000] ACPI: LAPIC_NMI (acpi_id[0x30] high edge lint[0x1])
[    0.000000] ACPI: LAPIC_NMI (acpi_id[0x31] high edge lint[0x1])
[    0.000000] ACPI: LAPIC_NMI (acpi_id[0x32] high edge lint[0x1])
[    0.000000] ACPI: LAPIC_NMI (acpi_id[0x33] high edge lint[0x1])
[    0.000000] ACPI: LAPIC_NMI (acpi_id[0x34] high edge lint[0x1])
[    0.000000] ACPI: LAPIC_NMI (acpi_id[0x35] high edge lint[0x1])
[    0.000000] ACPI: LAPIC_NMI (acpi_id[0x36] high edge lint[0x1])
[    0.000000] ACPI: LAPIC_NMI (acpi_id[0x37] high edge lint[0x1])
[    0.000000] ACPI: LAPIC_NMI (acpi_id[0x38] high edge lint[0x1])
[    0.000000] ACPI: LAPIC_NMI (acpi_id[0x39] high edge lint[0x1])
[    0.000000] ACPI: LAPIC_NMI (acpi_id[0x3a] high edge lint[0x1])
[    0.000000] ACPI: LAPIC_NMI (acpi_id[0x3b] high edge lint[0x1])
[    0.000000] ACPI: LAPIC_NMI (acpi_id[0x3c] high edge lint[0x1])
[    0.000000] ACPI: LAPIC_NMI (acpi_id[0x3d] high edge lint[0x1])
[    0.000000] ACPI: LAPIC_NMI (acpi_id[0x3e] high edge lint[0x1])
[    0.000000] ACPI: LAPIC_NMI (acpi_id[0x3f] high edge lint[0x1])
[    0.000000] IOAPIC[0]: apic_id 64, version 17, address 0xfec00000, GSI 0-23
[    0.000000] ACPI: INT_SRC_OVR (bus 0 bus_irq 0 global_irq 2 high edge)
[    0.000000] ACPI: IRQ0 used by override.
[    0.000000] ACPI: IRQ9 used by override.
[    0.000000] Using ACPI (MADT) for SMP configuration information
[    0.000000] ACPI: HPET id: 0x8086af01 base: 0xfed00000
[    0.000000] smpboot: Allowing 64 CPUs, 60 hotplug CPUs
[    0.000000] PM: Registered nosave memory: [mem 0x00000000-0x00000fff]
[    0.000000] PM: Registered nosave memory: [mem 0x0009f000-0x0009ffff]
[    0.000000] PM: Registered nosave memory: [mem 0x000a0000-0x000c9fff]
[    0.000000] PM: Registered nosave memory: [mem 0x000ca000-0x000cbfff]
[    0.000000] PM: Registered nosave memory: [mem 0x000cc000-0x000dbfff]
[    0.000000] PM: Registered nosave memory: [mem 0x000dc000-0x000fffff]
[    0.000000] PM: Registered nosave memory: [mem 0x7fee0000-0x7fefefff]
[    0.000000] PM: Registered nosave memory: [mem 0x7feff000-0x7fefffff]
[    0.000000] e820: [mem 0x80000000-0xdfffffff] available for PCI devices
[    0.000000] Booting paravirtualized kernel on bare hardware
[    0.000000] clocksource: refined-jiffies: mask: 0xffffffff max_cycles: 0xffffffff, max_idle_ns: 1910969940391419 ns
[    0.000000] setup_percpu: NR_CPUS:8192 nr_cpumask_bits:64 nr_cpu_ids:64 nr_node_ids:1
[    0.000000] PERCPU: Embedded 33 pages/cpu @ffff88007c600000 s96856 r8192 d30120 u262144
[    0.000000] pcpu-alloc: s96856 r8192 d30120 u262144 alloc=1*2097152
[    0.000000] pcpu-alloc: [0] 00 01 02 03 04 05 06 07 [0] 08 09 10 11 12 13 14 15 
[    0.000000] pcpu-alloc: [0] 16 17 18 19 20 21 22 23 [0] 24 25 26 27 28 29 30 31 
[    0.000000] pcpu-alloc: [0] 32 33 34 35 36 37 38 39 [0] 40 41 42 43 44 45 46 47 
[    0.000000] pcpu-alloc: [0] 48 49 50 51 52 53 54 55 [0] 56 57 58 59 60 61 62 63 
[    0.000000] Built 1 zonelists in Node order, mobility grouping on.  Total pages: 515945
[    0.000000] Policy zone: DMA32
[    0.000000] Kernel command line: BOOT_IMAGE=/vmlinuz-4.2.0-rc4-00107-gdbe0811 root=/dev/mapper/centos_linux--3k8s-root ro rd.lvm.lv=centos_linux-3k8s/root crashkernel=auto rd.lvm.lv=centos_linux-3k8s/swap vconsole.font=latarcyrheb-sun16 vconsole.keymap=us rhgb quiet
[    0.000000] PID hash table entries: 4096 (order: 3, 32768 bytes)
[    0.000000] Memory: 2001936K/2096632K available (6517K kernel code, 1304K rwdata, 3132K rodata, 1732K init, 3200K bss, 94696K reserved, 0K cma-reserved)
[    0.000000] SLUB: HWalign=64, Order=0-3, MinObjects=0, CPUs=64, Nodes=1
[    0.000000] Hierarchical RCU implementation.
[    0.000000] 	Build-time adjustment of leaf fanout to 64.
[    0.000000] 	RCU restricting CPUs from NR_CPUS=8192 to nr_cpu_ids=64.
[    0.000000] RCU: Adjusting geometry for rcu_fanout_leaf=64, nr_cpu_ids=64
[    0.000000] NR_IRQS:524544 nr_irqs:936 16
[    0.000000] 	Offload RCU callbacks from all CPUs
[    0.000000] 	Offload RCU callbacks from CPUs: 0-63.
[    0.000000] Console: colour VGA+ 80x25
[    0.000000] console [tty0] enabled
[    0.000000] clocksource: hpet: mask: 0xffffffff max_cycles: 0xffffffff, max_idle_ns: 133484882848 ns
[    0.000000] hpet clockevent registered
[    0.000000] TSC freq read from hypervisor : 2693.819 MHz
[    0.000000] tsc: Detected 2693.819 MHz processor
[    0.000067] Calibrating delay loop (skipped) preset value.. 5387.63 BogoMIPS (lpj=2693819)
[    0.000069] pid_max: default: 65536 minimum: 512
[    0.000077] ACPI: Core revision 20150619
[    0.004450] ACPI: All ACPI Tables successfully acquired
[    0.004450] Security Framework initialized
[    0.004450] SELinux:  Initializing.
[    0.004450] SELinux:  Starting in permissive mode
[    0.004450] Dentry cache hash table entries: 262144 (order: 9, 2097152 bytes)
[    0.004450] Inode-cache hash table entries: 131072 (order: 8, 1048576 bytes)
[    0.004450] Mount-cache hash table entries: 4096 (order: 3, 32768 bytes)
[    0.004450] Mountpoint-cache hash table entries: 4096 (order: 3, 32768 bytes)
[    0.004450] Initializing cgroup subsys blkio
[    0.004450] Initializing cgroup subsys memory
[    0.004450] Initializing cgroup subsys devices
[    0.004450] Initializing cgroup subsys freezer
[    0.004450] Initializing cgroup subsys net_cls
[    0.004450] Initializing cgroup subsys perf_event
[    0.004450] Initializing cgroup subsys hugetlb
[    0.004450] Disabled fast string operations
[    0.004450] CPU: Physical Processor ID: 0
[    0.004450] CPU: Processor Core ID: 0
[    0.004450] ENERGY_PERF_BIAS: Set to 'normal', was 'performance'
[    0.004450] ENERGY_PERF_BIAS: View and update with x86_energy_perf_policy(8)
[    0.004450] mce: CPU supports 0 MCE banks
[    0.004450] Last level iTLB entries: 4KB 1024, 2MB 1024, 4MB 1024
[    0.004450] Last level dTLB entries: 4KB 1024, 2MB 1024, 4MB 1024, 1GB 4
[    0.004450] Freeing SMP alternatives memory: 24K (ffffffff81c68000 - ffffffff81c6e000)
[    0.015693] ftrace: allocating 25345 entries in 100 pages
[    0.033165] x2apic: IRQ remapping doesn't support X2APIC mode
[    0.040029] ..TIMER: vector=0x30 apic1=0 pin1=2 apic2=-1 pin2=-1
[    0.151964] smpboot: CPU0: Intel(R) Core(TM) i7-4600U CPU @ 2.10GHz (fam: 06, model: 45, stepping: 01)
[    0.151998] Performance Events: 16-deep LBR, Haswell events, core PMU driver.
[    0.152011] perf_event_intel: CPUID marked event: 'cpu cycles' unavailable
[    0.152012] perf_event_intel: CPUID marked event: 'instructions' unavailable
[    0.152012] perf_event_intel: CPUID marked event: 'bus cycles' unavailable
[    0.152013] perf_event_intel: CPUID marked event: 'cache references' unavailable
[    0.152014] perf_event_intel: CPUID marked event: 'cache misses' unavailable
[    0.152014] perf_event_intel: CPUID marked event: 'branch instructions' unavailable
[    0.152015] perf_event_intel: CPUID marked event: 'branch misses' unavailable
[    0.152021] ... version:                1
[    0.152021] ... bit width:              48
[    0.152022] ... generic registers:      4
[    0.152022] ... value mask:             0000ffffffffffff
[    0.152023] ... max period:             000000007fffffff
[    0.152023] ... fixed-purpose events:   0
[    0.152024] ... event mask:             000000000000000f
[    0.152941] NMI watchdog: disabled (cpu0): hardware events not enabled
[    0.152943] NMI watchdog: Shutting down hard lockup detector on all cpus
[    0.153022] x86: Booting SMP configuration:
[    0.153023] .... node  #0, CPUs:        #1
[    0.154380] Disabled fast string operations
[    0.155251] mce: CPU supports 0 MCE banks
[    0.155454]   #2
[    0.156769] Disabled fast string operations
[    0.157617] mce: CPU supports 0 MCE banks
[    0.159123]   #3
[    0.159123] Disabled fast string operations
[    0.159973] mce: CPU supports 0 MCE banks
[    0.160080] x86: Booted up 1 node, 4 CPUs
[    0.160083] smpboot: Total of 4 processors activated (21550.55 BogoMIPS)
[    0.161084] devtmpfs: initialized
[    0.162535] evm: security.selinux
[    0.162536] evm: security.ima
[    0.162537] evm: security.capability
[    0.162782] PM: Registering ACPI NVS region [mem 0x7feff000-0x7fefffff] (4096 bytes)
[    0.162970] clocksource: jiffies: mask: 0xffffffff max_cycles: 0xffffffff, max_idle_ns: 1911260446275000 ns
[    0.163471] atomic64_test: passed for x86-64 platform with CX8 and with SSE
[    0.163780] NET: Registered protocol family 16
[    0.166572] cpuidle: using governor menu
[    0.166618] Simple Boot Flag at 0x36 set to 0x80
[    0.166758] ACPI: bus type PCI registered
[    0.166760] acpiphp: ACPI Hot Plug PCI Controller Driver version: 0.5
[    0.166872] PCI: MMCONFIG for domain 0000 [bus 00-ff] at [mem 0xe0000000-0xefffffff] (base 0xe0000000)
[    0.166874] PCI: MMCONFIG at [mem 0xe0000000-0xefffffff] reserved in E820
[    0.166881] PCI: Using configuration type 1 for base access
[    0.167092] perf_event_intel: PMU erratum BJ122, BV98, HSD29 workaround disabled, HT off
[    0.172664] ACPI: Added _OSI(Module Device)
[    0.172665] ACPI: Added _OSI(Processor Device)
[    0.172666] ACPI: Added _OSI(3.0 _SCP Extensions)
[    0.172667] ACPI: Added _OSI(Processor Aggregator Device)
[    0.178526] [Firmware Bug]: ACPI: BIOS _OSI(Linux) query ignored
[    0.186513] ACPI: Interpreter enabled
[    0.186519] ACPI Exception: AE_NOT_FOUND, While evaluating Sleep State [\_S2_] (20150619/hwxface-580)
[    0.186522] ACPI Exception: AE_NOT_FOUND, While evaluating Sleep State [\_S3_] (20150619/hwxface-580)
[    0.186527] ACPI: (supports S0 S1 S4 S5)
[    0.186528] ACPI: Using IOAPIC for interrupt routing
[    0.186545] PCI: Using host bridge windows from ACPI; if necessary, use "pci=nocrs" and report a bug
[    0.253325] ACPI: PCI Root Bridge [PCI0] (domain 0000 [bus 00-ff])
[    0.253331] acpi PNP0A03:00: _OSC: OS supports [ExtendedConfig ASPM ClockPM Segments MSI]
[    0.253511] acpi PNP0A03:00: _OSC: platform does not support [AER]
[    0.253630] acpi PNP0A03:00: _OSC: OS now controls [PCIeHotplug PME PCIeCapability]
[    0.255304] PCI host bridge to bus 0000:00
[    0.255307] pci_bus 0000:00: root bus resource [bus 00-ff]
[    0.255309] pci_bus 0000:00: root bus resource [mem 0x000a0000-0x000bffff window]
[    0.255310] pci_bus 0000:00: root bus resource [mem 0x000cc000-0x000cffff window]
[    0.255311] pci_bus 0000:00: root bus resource [mem 0x000d0000-0x000d3fff window]
[    0.255312] pci_bus 0000:00: root bus resource [mem 0x000d4000-0x000d7fff window]
[    0.255313] pci_bus 0000:00: root bus resource [mem 0x000d8000-0x000dbfff window]
[    0.255314] pci_bus 0000:00: root bus resource [mem 0xc0000000-0xfebfffff window]
[    0.255315] pci_bus 0000:00: root bus resource [io  0x0000-0x0cf7 window]
[    0.255316] pci_bus 0000:00: root bus resource [io  0x0d00-0xfeff window]
[    0.255364] pci 0000:00:00.0: [8086:7190] type 00 class 0x060000
[    0.255993] pci 0000:00:01.0: [8086:7191] type 01 class 0x060400
[    0.256534] pci 0000:00:07.0: [8086:7110] type 00 class 0x060100
[    0.257275] pci 0000:00:07.1: [8086:7111] type 00 class 0x01018a
[    0.259192] pci 0000:00:07.1: reg 0x20: [io  0x10c0-0x10cf]
[    0.260000] pci 0000:00:07.1: legacy IDE quirk: reg 0x10: [io  0x01f0-0x01f7]
[    0.260002] pci 0000:00:07.1: legacy IDE quirk: reg 0x14: [io  0x03f6]
[    0.260004] pci 0000:00:07.1: legacy IDE quirk: reg 0x18: [io  0x0170-0x0177]
[    0.260004] pci 0000:00:07.1: legacy IDE quirk: reg 0x1c: [io  0x0376]
[    0.260183] pci 0000:00:07.3: [8086:7113] type 00 class 0x068000
[    0.262390] pci 0000:00:07.3: quirk: [io  0x1000-0x103f] claimed by PIIX4 ACPI
[    0.262421] pci 0000:00:07.3: quirk: [io  0x1040-0x104f] claimed by PIIX4 SMB
[    0.262729] pci 0000:00:07.7: [15ad:0740] type 00 class 0x088000
[    0.263597] pci 0000:00:07.7: reg 0x10: [io  0x1080-0x10bf]
[    0.264432] pci 0000:00:07.7: reg 0x14: [mem 0xc8000000-0xc8001fff 64bit]
[    0.267170] pci 0000:00:0f.0: [15ad:0405] type 00 class 0x030000
[    0.278974] pci 0000:00:0f.0: reg 0x10: [io  0x10d0-0x10df]
[    0.289614] pci 0000:00:0f.0: reg 0x14: [mem 0xd0000000-0xd7ffffff pref]
[    0.300216] pci 0000:00:0f.0: reg 0x18: [mem 0xc8800000-0xc8ffffff]
[    0.342071] pci 0000:00:0f.0: reg 0x30: [mem 0x00000000-0x00007fff pref]
[    0.342457] pci 0000:00:10.0: [1000:0030] type 00 class 0x010000
[    0.343405] pci 0000:00:10.0: reg 0x10: [io  0x1400-0x14ff]
[    0.344268] pci 0000:00:10.0: reg 0x14: [mem 0xc8040000-0xc805ffff 64bit]
[    0.345517] pci 0000:00:10.0: reg 0x1c: [mem 0xc8020000-0xc803ffff 64bit]
[    0.347206] pci 0000:00:10.0: reg 0x30: [mem 0x00000000-0x00003fff pref]
[    0.347492] pci 0000:00:11.0: [15ad:0790] type 01 class 0x060401
[    0.348122] pci 0000:00:11.0: System wakeup disabled by ACPI
[    0.348312] pci 0000:00:15.0: [15ad:07a0] type 01 class 0x060400
[    0.349099] pci 0000:00:15.0: PME# supported from D0 D3hot D3cold
[    0.349263] pci 0000:00:15.0: System wakeup disabled by ACPI
[    0.349447] pci 0000:00:15.1: [15ad:07a0] type 01 class 0x060400
[    0.350192] pci 0000:00:15.1: PME# supported from D0 D3hot D3cold
[    0.350397] pci 0000:00:15.1: System wakeup disabled by ACPI
[    0.350532] pci 0000:00:15.2: [15ad:07a0] type 01 class 0x060400
[    0.351210] pci 0000:00:15.2: PME# supported from D0 D3hot D3cold
[    0.351411] pci 0000:00:15.2: System wakeup disabled by ACPI
[    0.351567] pci 0000:00:15.3: [15ad:07a0] type 01 class 0x060400
[    0.352247] pci 0000:00:15.3: PME# supported from D0 D3hot D3cold
[    0.352450] pci 0000:00:15.3: System wakeup disabled by ACPI
[    0.352586] pci 0000:00:15.4: [15ad:07a0] type 01 class 0x060400
[    0.353264] pci 0000:00:15.4: PME# supported from D0 D3hot D3cold
[    0.353463] pci 0000:00:15.4: System wakeup disabled by ACPI
[    0.353595] pci 0000:00:15.5: [15ad:07a0] type 01 class 0x060400
[    0.354273] pci 0000:00:15.5: PME# supported from D0 D3hot D3cold
[    0.354620] pci 0000:00:15.5: System wakeup disabled by ACPI
[    0.354793] pci 0000:00:15.6: [15ad:07a0] type 01 class 0x060400
[    0.355706] pci 0000:00:15.6: PME# supported from D0 D3hot D3cold
[    0.355855] pci 0000:00:15.6: System wakeup disabled by ACPI
[    0.355992] pci 0000:00:15.7: [15ad:07a0] type 01 class 0x060400
[    0.356736] pci 0000:00:15.7: PME# supported from D0 D3hot D3cold
[    0.356884] pci 0000:00:15.7: System wakeup disabled by ACPI
[    0.357022] pci 0000:00:16.0: [15ad:07a0] type 01 class 0x060400
[    0.357761] pci 0000:00:16.0: PME# supported from D0 D3hot D3cold
[    0.357907] pci 0000:00:16.0: System wakeup disabled by ACPI
[    0.358042] pci 0000:00:16.1: [15ad:07a0] type 01 class 0x060400
[    0.358800] pci 0000:00:16.1: PME# supported from D0 D3hot D3cold
[    0.358947] pci 0000:00:16.1: System wakeup disabled by ACPI
[    0.359079] pci 0000:00:16.2: [15ad:07a0] type 01 class 0x060400
[    0.359836] pci 0000:00:16.2: PME# supported from D0 D3hot D3cold
[    0.359984] pci 0000:00:16.2: System wakeup disabled by ACPI
[    0.360122] pci 0000:00:16.3: [15ad:07a0] type 01 class 0x060400
[    0.360842] pci 0000:00:16.3: PME# supported from D0 D3hot D3cold
[    0.360985] pci 0000:00:16.3: System wakeup disabled by ACPI
[    0.361120] pci 0000:00:16.4: [15ad:07a0] type 01 class 0x060400
[    0.361916] pci 0000:00:16.4: PME# supported from D0 D3hot D3cold
[    0.362064] pci 0000:00:16.4: System wakeup disabled by ACPI
[    0.362201] pci 0000:00:16.5: [15ad:07a0] type 01 class 0x060400
[    0.362945] pci 0000:00:16.5: PME# supported from D0 D3hot D3cold
[    0.363091] pci 0000:00:16.5: System wakeup disabled by ACPI
[    0.363232] pci 0000:00:16.6: [15ad:07a0] type 01 class 0x060400
[    0.363971] pci 0000:00:16.6: PME# supported from D0 D3hot D3cold
[    0.364119] pci 0000:00:16.6: System wakeup disabled by ACPI
[    0.364251] pci 0000:00:16.7: [15ad:07a0] type 01 class 0x060400
[    0.365013] pci 0000:00:16.7: PME# supported from D0 D3hot D3cold
[    0.365158] pci 0000:00:16.7: System wakeup disabled by ACPI
[    0.365291] pci 0000:00:17.0: [15ad:07a0] type 01 class 0x060400
[    0.366542] pci 0000:00:17.0: PME# supported from D0 D3hot D3cold
[    0.366691] pci 0000:00:17.0: System wakeup disabled by ACPI
[    0.366828] pci 0000:00:17.1: [15ad:07a0] type 01 class 0x060400
[    0.367569] pci 0000:00:17.1: PME# supported from D0 D3hot D3cold
[    0.367714] pci 0000:00:17.1: System wakeup disabled by ACPI
[    0.367869] pci 0000:00:17.2: [15ad:07a0] type 01 class 0x060400
[    0.368624] pci 0000:00:17.2: PME# supported from D0 D3hot D3cold
[    0.368768] pci 0000:00:17.2: System wakeup disabled by ACPI
[    0.368934] pci 0000:00:17.3: [15ad:07a0] type 01 class 0x060400
[    0.369678] pci 0000:00:17.3: PME# supported from D0 D3hot D3cold
[    0.369822] pci 0000:00:17.3: System wakeup disabled by ACPI
[    0.369988] pci 0000:00:17.4: [15ad:07a0] type 01 class 0x060400
[    0.370748] pci 0000:00:17.4: PME# supported from D0 D3hot D3cold
[    0.370929] pci 0000:00:17.4: System wakeup disabled by ACPI
[    0.371066] pci 0000:00:17.5: [15ad:07a0] type 01 class 0x060400
[    0.371827] pci 0000:00:17.5: PME# supported from D0 D3hot D3cold
[    0.372008] pci 0000:00:17.5: System wakeup disabled by ACPI
[    0.372151] pci 0000:00:17.6: [15ad:07a0] type 01 class 0x060400
[    0.372930] pci 0000:00:17.6: PME# supported from D0 D3hot D3cold
[    0.373076] pci 0000:00:17.6: System wakeup disabled by ACPI
[    0.373211] pci 0000:00:17.7: [15ad:07a0] type 01 class 0x060400
[    0.373987] pci 0000:00:17.7: PME# supported from D0 D3hot D3cold
[    0.374132] pci 0000:00:17.7: System wakeup disabled by ACPI
[    0.374268] pci 0000:00:18.0: [15ad:07a0] type 01 class 0x060400
[    0.375057] pci 0000:00:18.0: PME# supported from D0 D3hot D3cold
[    0.375203] pci 0000:00:18.0: System wakeup disabled by ACPI
[    0.375392] pci 0000:00:18.1: [15ad:07a0] type 01 class 0x060400
[    0.376114] pci 0000:00:18.1: PME# supported from D0 D3hot D3cold
[    0.376258] pci 0000:00:18.1: System wakeup disabled by ACPI
[    0.376455] pci 0000:00:18.2: [15ad:07a0] type 01 class 0x060400
[    0.377166] pci 0000:00:18.2: PME# supported from D0 D3hot D3cold
[    0.377311] pci 0000:00:18.2: System wakeup disabled by ACPI
[    0.377507] pci 0000:00:18.3: [15ad:07a0] type 01 class 0x060400
[    0.378216] pci 0000:00:18.3: PME# supported from D0 D3hot D3cold
[    0.378426] pci 0000:00:18.3: System wakeup disabled by ACPI
[    0.378561] pci 0000:00:18.4: [15ad:07a0] type 01 class 0x060400
[    0.379272] pci 0000:00:18.4: PME# supported from D0 D3hot D3cold
[    0.379480] pci 0000:00:18.4: System wakeup disabled by ACPI
[    0.379615] pci 0000:00:18.5: [15ad:07a0] type 01 class 0x060400
[    0.380333] pci 0000:00:18.5: PME# supported from D0 D3hot D3cold
[    0.380535] pci 0000:00:18.5: System wakeup disabled by ACPI
[    0.380674] pci 0000:00:18.6: [15ad:07a0] type 01 class 0x060400
[    0.381471] pci 0000:00:18.6: PME# supported from D0 D3hot D3cold
[    0.381643] pci 0000:00:18.6: System wakeup disabled by ACPI
[    0.381779] pci 0000:00:18.7: [15ad:07a0] type 01 class 0x060400
[    0.382550] pci 0000:00:18.7: PME# supported from D0 D3hot D3cold
[    0.382695] pci 0000:00:18.7: System wakeup disabled by ACPI
[    0.383256] pci 0000:00:01.0: PCI bridge to [bus 01]
[    0.383669] acpiphp: Slot [32] registered
[    0.383691] acpiphp: Slot [33] registered
[    0.383711] acpiphp: Slot [34] registered
[    0.383730] acpiphp: Slot [35] registered
[    0.383754] acpiphp: Slot [36] registered
[    0.383774] acpiphp: Slot [37] registered
[    0.383793] acpiphp: Slot [38] registered
[    0.383811] acpiphp: Slot [39] registered
[    0.383830] acpiphp: Slot [40] registered
[    0.383866] acpiphp: Slot [41] registered
[    0.383895] acpiphp: Slot [42] registered
[    0.383916] acpiphp: Slot [43] registered
[    0.383935] acpiphp: Slot [44] registered
[    0.383954] acpiphp: Slot [45] registered
[    0.383972] acpiphp: Slot [46] registered
[    0.383991] acpiphp: Slot [47] registered
[    0.384010] acpiphp: Slot [48] registered
[    0.384028] acpiphp: Slot [49] registered
[    0.384049] acpiphp: Slot [50] registered
[    0.384068] acpiphp: Slot [51] registered
[    0.384087] acpiphp: Slot [52] registered
[    0.384105] acpiphp: Slot [53] registered
[    0.384124] acpiphp: Slot [54] registered
[    0.384143] acpiphp: Slot [55] registered
[    0.384163] acpiphp: Slot [56] registered
[    0.384183] acpiphp: Slot [57] registered
[    0.384201] acpiphp: Slot [58] registered
[    0.384220] acpiphp: Slot [59] registered
[    0.384241] acpiphp: Slot [60] registered
[    0.384260] acpiphp: Slot [61] registered
[    0.384279] acpiphp: Slot [62] registered
[    0.384300] acpiphp: Slot [63] registered
[    0.384425] pci 0000:02:00.0: [15ad:0774] type 00 class 0x0c0300
[    0.386226] pci 0000:02:00.0: reg 0x20: [io  0x2080-0x209f]
[    0.386996] pci 0000:02:00.0: System wakeup disabled by ACPI
[    0.387111] pci 0000:02:01.0: [8086:100f] type 00 class 0x020000
[    0.388255] pci 0000:02:01.0: reg 0x10: [mem 0xc9020000-0xc903ffff 64bit]
[    0.389315] pci 0000:02:01.0: reg 0x18: [mem 0xc9000000-0xc900ffff 64bit]
[    0.390312] pci 0000:02:01.0: reg 0x20: [io  0x2000-0x203f]
[    0.392142] pci 0000:02:01.0: reg 0x30: [mem 0x00000000-0x0000ffff pref]
[    0.392485] pci 0000:02:01.0: System wakeup disabled by ACPI
[    0.392568] pci 0000:02:02.0: [1274:1371] type 00 class 0x040100
[    0.392956] pci 0000:02:02.0: reg 0x10: [io  0x2040-0x207f]
[    0.395222] pci 0000:02:02.0: System wakeup disabled by ACPI
[    0.395304] pci 0000:02:03.0: [15ad:0770] type 00 class 0x0c0320
[    0.395836] pci 0000:02:03.0: reg 0x10: [mem 0xc9010000-0xc9010fff]
[    0.398591] pci 0000:02:03.0: System wakeup disabled by ACPI
[    0.398960] pci 0000:00:11.0: PCI bridge to [bus 02] (subtractive decode)
[    0.398986] pci 0000:00:11.0:   bridge window [io  0x2000-0x3fff]
[    0.399012] pci 0000:00:11.0:   bridge window [mem 0xc9000000-0xca3fffff]
[    0.399060] pci 0000:00:11.0:   bridge window [mem 0xd8400000-0xd89fffff 64bit pref]
[    0.399062] pci 0000:00:11.0:   bridge window [mem 0x000a0000-0x000bffff window] (subtractive decode)
[    0.399063] pci 0000:00:11.0:   bridge window [mem 0x000cc000-0x000cffff window] (subtractive decode)
[    0.399064] pci 0000:00:11.0:   bridge window [mem 0x000d0000-0x000d3fff window] (subtractive decode)
[    0.399065] pci 0000:00:11.0:   bridge window [mem 0x000d4000-0x000d7fff window] (subtractive decode)
[    0.399066] pci 0000:00:11.0:   bridge window [mem 0x000d8000-0x000dbfff window] (subtractive decode)
[    0.399067] pci 0000:00:11.0:   bridge window [mem 0xc0000000-0xfebfffff window] (subtractive decode)
[    0.399068] pci 0000:00:11.0:   bridge window [io  0x0000-0x0cf7 window] (subtractive decode)
[    0.399072] pci 0000:00:11.0:   bridge window [io  0x0d00-0xfeff window] (subtractive decode)
[    0.399510] pci 0000:00:15.0: PCI bridge to [bus 03]
[    0.399536] pci 0000:00:15.0:   bridge window [io  0x4000-0x4fff]
[    0.399561] pci 0000:00:15.0:   bridge window [mem 0xca400000-0xca4fffff]
[    0.399609] pci 0000:00:15.0:   bridge window [mem 0xd8a00000-0xd8afffff 64bit pref]
[    0.400012] pci 0000:00:15.1: PCI bridge to [bus 04]
[    0.400037] pci 0000:00:15.1:   bridge window [io  0x8000-0x8fff]
[    0.400062] pci 0000:00:15.1:   bridge window [mem 0xca800000-0xca8fffff]
[    0.400110] pci 0000:00:15.1:   bridge window [mem 0xd8e00000-0xd8efffff 64bit pref]
[    0.400552] pci 0000:00:15.2: PCI bridge to [bus 05]
[    0.400576] pci 0000:00:15.2:   bridge window [io  0xc000-0xcfff]
[    0.400599] pci 0000:00:15.2:   bridge window [mem 0xcac00000-0xcacfffff]
[    0.400643] pci 0000:00:15.2:   bridge window [mem 0xd9200000-0xd92fffff 64bit pref]
[    0.401033] pci 0000:00:15.3: PCI bridge to [bus 06]
[    0.401078] pci 0000:00:15.3:   bridge window [mem 0xcb000000-0xcb0fffff]
[    0.401121] pci 0000:00:15.3:   bridge window [mem 0xd9600000-0xd96fffff 64bit pref]
[    0.401564] pci 0000:00:15.4: PCI bridge to [bus 07]
[    0.401614] pci 0000:00:15.4:   bridge window [mem 0xcb400000-0xcb4fffff]
[    0.401663] pci 0000:00:15.4:   bridge window [mem 0xd9a00000-0xd9afffff 64bit pref]
[    0.402079] pci 0000:00:15.5: PCI bridge to [bus 08]
[    0.402128] pci 0000:00:15.5:   bridge window [mem 0xcb800000-0xcb8fffff]
[    0.402176] pci 0000:00:15.5:   bridge window [mem 0xd9e00000-0xd9efffff 64bit pref]
[    0.402605] pci 0000:00:15.6: PCI bridge to [bus 09]
[    0.402654] pci 0000:00:15.6:   bridge window [mem 0xcbc00000-0xcbcfffff]
[    0.402702] pci 0000:00:15.6:   bridge window [mem 0xda200000-0xda2fffff 64bit pref]
[    0.403107] pci 0000:00:15.7: PCI bridge to [bus 0a]
[    0.403156] pci 0000:00:15.7:   bridge window [mem 0xcc000000-0xcc0fffff]
[    0.403204] pci 0000:00:15.7:   bridge window [mem 0xda600000-0xda6fffff 64bit pref]
[    0.403639] pci 0000:00:16.0: PCI bridge to [bus 0b]
[    0.403662] pci 0000:00:16.0:   bridge window [io  0x5000-0x5fff]
[    0.403685] pci 0000:00:16.0:   bridge window [mem 0xca500000-0xca5fffff]
[    0.403728] pci 0000:00:16.0:   bridge window [mem 0xd8b00000-0xd8bfffff 64bit pref]
[    0.404154] pci 0000:00:16.1: PCI bridge to [bus 0c]
[    0.404177] pci 0000:00:16.1:   bridge window [io  0x9000-0x9fff]
[    0.404200] pci 0000:00:16.1:   bridge window [mem 0xca900000-0xca9fffff]
[    0.404244] pci 0000:00:16.1:   bridge window [mem 0xd8f00000-0xd8ffffff 64bit pref]
[    0.404665] pci 0000:00:16.2: PCI bridge to [bus 0d]
[    0.404688] pci 0000:00:16.2:   bridge window [io  0xd000-0xdfff]
[    0.404711] pci 0000:00:16.2:   bridge window [mem 0xcad00000-0xcadfffff]
[    0.404754] pci 0000:00:16.2:   bridge window [mem 0xd9300000-0xd93fffff 64bit pref]
[    0.405133] pci 0000:00:16.3: PCI bridge to [bus 0e]
[    0.405177] pci 0000:00:16.3:   bridge window [mem 0xcb100000-0xcb1fffff]
[    0.405221] pci 0000:00:16.3:   bridge window [mem 0xd9700000-0xd97fffff 64bit pref]
[    0.405639] pci 0000:00:16.4: PCI bridge to [bus 0f]
[    0.405684] pci 0000:00:16.4:   bridge window [mem 0xcb500000-0xcb5fffff]
[    0.405727] pci 0000:00:16.4:   bridge window [mem 0xd9b00000-0xd9bfffff 64bit pref]
[    0.406112] pci 0000:00:16.5: PCI bridge to [bus 10]
[    0.406156] pci 0000:00:16.5:   bridge window [mem 0xcb900000-0xcb9fffff]
[    0.406200] pci 0000:00:16.5:   bridge window [mem 0xd9f00000-0xd9ffffff 64bit pref]
[    0.406617] pci 0000:00:16.6: PCI bridge to [bus 11]
[    0.406661] pci 0000:00:16.6:   bridge window [mem 0xcbd00000-0xcbdfffff]
[    0.406705] pci 0000:00:16.6:   bridge window [mem 0xda300000-0xda3fffff 64bit pref]
[    0.407088] pci 0000:00:16.7: PCI bridge to [bus 12]
[    0.407132] pci 0000:00:16.7:   bridge window [mem 0xcc100000-0xcc1fffff]
[    0.407176] pci 0000:00:16.7:   bridge window [mem 0xda700000-0xda7fffff 64bit pref]
[    0.407600] pci 0000:00:17.0: PCI bridge to [bus 13]
[    0.407623] pci 0000:00:17.0:   bridge window [io  0x6000-0x6fff]
[    0.407646] pci 0000:00:17.0:   bridge window [mem 0xca600000-0xca6fffff]
[    0.407689] pci 0000:00:17.0:   bridge window [mem 0xd8c00000-0xd8cfffff 64bit pref]
[    0.408072] pci 0000:00:17.1: PCI bridge to [bus 14]
[    0.408095] pci 0000:00:17.1:   bridge window [io  0xa000-0xafff]
[    0.408118] pci 0000:00:17.1:   bridge window [mem 0xcaa00000-0xcaafffff]
[    0.408161] pci 0000:00:17.1:   bridge window [mem 0xd9000000-0xd90fffff 64bit pref]
[    0.408584] pci 0000:00:17.2: PCI bridge to [bus 15]
[    0.408607] pci 0000:00:17.2:   bridge window [io  0xe000-0xefff]
[    0.408630] pci 0000:00:17.2:   bridge window [mem 0xcae00000-0xcaefffff]
[    0.408673] pci 0000:00:17.2:   bridge window [mem 0xd9400000-0xd94fffff 64bit pref]
[    0.409060] pci 0000:00:17.3: PCI bridge to [bus 16]
[    0.409104] pci 0000:00:17.3:   bridge window [mem 0xcb200000-0xcb2fffff]
[    0.409148] pci 0000:00:17.3:   bridge window [mem 0xd9800000-0xd98fffff 64bit pref]
[    0.409559] pci 0000:00:17.4: PCI bridge to [bus 17]
[    0.409603] pci 0000:00:17.4:   bridge window [mem 0xcb600000-0xcb6fffff]
[    0.409647] pci 0000:00:17.4:   bridge window [mem 0xd9c00000-0xd9cfffff 64bit pref]
[    0.410034] pci 0000:00:17.5: PCI bridge to [bus 18]
[    0.410078] pci 0000:00:17.5:   bridge window [mem 0xcba00000-0xcbafffff]
[    0.410121] pci 0000:00:17.5:   bridge window [mem 0xda000000-0xda0fffff 64bit pref]
[    0.410536] pci 0000:00:17.6: PCI bridge to [bus 19]
[    0.410580] pci 0000:00:17.6:   bridge window [mem 0xcbe00000-0xcbefffff]
[    0.410624] pci 0000:00:17.6:   bridge window [mem 0xda400000-0xda4fffff 64bit pref]
[    0.411005] pci 0000:00:17.7: PCI bridge to [bus 1a]
[    0.411049] pci 0000:00:17.7:   bridge window [mem 0xcc200000-0xcc2fffff]
[    0.411093] pci 0000:00:17.7:   bridge window [mem 0xda800000-0xda8fffff 64bit pref]
[    0.411559] pci 0000:00:18.0: PCI bridge to [bus 1b]
[    0.411582] pci 0000:00:18.0:   bridge window [io  0x7000-0x7fff]
[    0.411605] pci 0000:00:18.0:   bridge window [mem 0xca700000-0xca7fffff]
[    0.411649] pci 0000:00:18.0:   bridge window [mem 0xd8d00000-0xd8dfffff 64bit pref]
[    0.412039] pci 0000:00:18.1: PCI bridge to [bus 1c]
[    0.412062] pci 0000:00:18.1:   bridge window [io  0xb000-0xbfff]
[    0.412085] pci 0000:00:18.1:   bridge window [mem 0xcab00000-0xcabfffff]
[    0.412129] pci 0000:00:18.1:   bridge window [mem 0xd9100000-0xd91fffff 64bit pref]
[    0.412548] pci 0000:00:18.2: PCI bridge to [bus 1d]
[    0.412571] pci 0000:00:18.2:   bridge window [io  0xf000-0xffff]
[    0.412595] pci 0000:00:18.2:   bridge window [mem 0xcaf00000-0xcaffffff]
[    0.412638] pci 0000:00:18.2:   bridge window [mem 0xd9500000-0xd95fffff 64bit pref]
[    0.413026] pci 0000:00:18.3: PCI bridge to [bus 1e]
[    0.413070] pci 0000:00:18.3:   bridge window [mem 0xcb300000-0xcb3fffff]
[    0.413113] pci 0000:00:18.3:   bridge window [mem 0xd9900000-0xd99fffff 64bit pref]
[    0.413530] pci 0000:00:18.4: PCI bridge to [bus 1f]
[    0.413574] pci 0000:00:18.4:   bridge window [mem 0xcb700000-0xcb7fffff]
[    0.413618] pci 0000:00:18.4:   bridge window [mem 0xd9d00000-0xd9dfffff 64bit pref]
[    0.414002] pci 0000:00:18.5: PCI bridge to [bus 20]
[    0.414046] pci 0000:00:18.5:   bridge window [mem 0xcbb00000-0xcbbfffff]
[    0.414090] pci 0000:00:18.5:   bridge window [mem 0xda100000-0xda1fffff 64bit pref]
[    0.414552] pci 0000:00:18.6: PCI bridge to [bus 21]
[    0.414597] pci 0000:00:18.6:   bridge window [mem 0xcbf00000-0xcbffffff]
[    0.414640] pci 0000:00:18.6:   bridge window [mem 0xda500000-0xda5fffff 64bit pref]
[    0.415021] pci 0000:00:18.7: PCI bridge to [bus 22]
[    0.415065] pci 0000:00:18.7:   bridge window [mem 0xcc300000-0xcc3fffff]
[    0.415109] pci 0000:00:18.7:   bridge window [mem 0xda900000-0xda9fffff 64bit pref]
[    0.418056] ACPI: PCI Interrupt Link [LNKA] (IRQs 3 4 5 6 7 *9 10 11 14 15)
[    0.418132] ACPI: PCI Interrupt Link [LNKB] (IRQs 3 4 5 6 7 9 10 *11 14 15)
[    0.418204] ACPI: PCI Interrupt Link [LNKC] (IRQs 3 4 5 6 7 9 *10 11 14 15)
[    0.418275] ACPI: PCI Interrupt Link [LNKD] (IRQs 3 4 *5 6 7 9 10 11 14 15)
[    0.479738] ACPI: Enabled 2 GPEs in block 00 to 0F
[    0.479987] vgaarb: setting as boot device: PCI:0000:00:0f.0
[    0.479989] vgaarb: device added: PCI:0000:00:0f.0,decodes=io+mem,owns=io+mem,locks=none
[    0.479997] vgaarb: loaded
[    0.479998] vgaarb: bridge control possible 0000:00:0f.0
[    0.480068] SCSI subsystem initialized
[    0.480090] ACPI: bus type USB registered
[    0.480103] usbcore: registered new interface driver usbfs
[    0.480109] usbcore: registered new interface driver hub
[    0.480323] usbcore: registered new device driver usb
[    0.480762] PCI: Using ACPI for IRQ routing
[    0.562363] PCI: pci_cache_line_size set to 64 bytes
[    0.562383] pci 0000:00:18.2: can't claim BAR 13 [io  0xf000-0xffff]: no compatible bridge window
[    0.562385] pci 0000:00:18.2: [io  size 0x1000] clipped to [io  size 0x0f00]
[    0.562400] pci 0000:00:18.2:   bridge window [io  size 0x0f00]
[    0.562437] pci 0000:00:18.2: can't claim BAR 13 [io  size 0x0f00]: no address assigned
[    0.563543] e820: reserve RAM buffer [mem 0x0009f000-0x0009ffff]
[    0.563545] e820: reserve RAM buffer [mem 0x7fee0000-0x7fffffff]
[    0.563648] NetLabel: Initializing
[    0.563649] NetLabel:  domain hash size = 128
[    0.563649] NetLabel:  protocols = UNLABELED CIPSOv4
[    0.563656] NetLabel:  unlabeled traffic allowed by default
[    0.563752] hpet0: at MMIO 0xfed00000, IRQs 2, 8, 0, 0, 0, 0, 0, 0, 0, 0, 0, 0, 0, 0, 0, 0
[    0.563757] hpet0: 16 comparators, 64-bit 14.318180 MHz counter
[    0.565940] clocksource: Switched to clocksource hpet
[    0.571551] pnp: PnP ACPI init
[    0.571721] system 00:00: [io  0x1000-0x103f] could not be reserved
[    0.571723] system 00:00: [io  0x1040-0x104f] has been reserved
[    0.571725] system 00:00: [io  0x0cf0-0x0cf1] has been reserved
[    0.571728] system 00:00: Plug and Play ACPI device, IDs PNP0c02 (active)
[    0.571752] pnp 00:01: Plug and Play ACPI device, IDs PNP0b00 (active)
[    0.571766] pnp 00:02: Plug and Play ACPI device, IDs PNP0303 (active)
[    0.571781] pnp 00:03: Plug and Play ACPI device, IDs PNP0f13 (active)
[    0.572009] system 00:04: [mem 0xfed00000-0xfed003ff] has been reserved
[    0.572012] system 00:04: Plug and Play ACPI device, IDs PNP0103 PNP0c01 (active)
[    0.578277] pnp 00:05: Plug and Play ACPI device, IDs PNP0400 (active)
[    0.584370] pnp 00:06: Plug and Play ACPI device, IDs PNP0501 (active)
[    0.589671] pnp 00:07: Plug and Play ACPI device, IDs PNP0501 (active)
[    0.595696] pnp 00:08: [dma 2]
[    0.596863] pnp 00:08: Plug and Play ACPI device, IDs PNP0700 (active)
[    0.597066] system 00:09: [io  0x1060-0x107f] has been reserved
[    0.597069] system 00:09: [mem 0xe0000000-0xefffffff] has been reserved
[    0.597070] system 00:09: [mem 0xc8200000-0xc83fffff] has been reserved
[    0.597072] system 00:09: Plug and Play ACPI device, IDs PNP0c02 (active)
[    0.601489] pnp: PnP ACPI: found 10 devices
[    0.613899] clocksource: acpi_pm: mask: 0xffffff max_cycles: 0xffffff, max_idle_ns: 2085701024 ns
[    0.614270] pci 0000:00:15.3: bridge window [io  0x1000-0x0fff] to [bus 06] add_size 1000
[    0.614374] pci 0000:00:15.4: bridge window [io  0x1000-0x0fff] to [bus 07] add_size 1000
[    0.614438] pci 0000:00:15.5: bridge window [io  0x1000-0x0fff] to [bus 08] add_size 1000
[    0.614502] pci 0000:00:15.6: bridge window [io  0x1000-0x0fff] to [bus 09] add_size 1000
[    0.614566] pci 0000:00:15.7: bridge window [io  0x1000-0x0fff] to [bus 0a] add_size 1000
[    0.614841] pci 0000:00:16.3: bridge window [io  0x1000-0x0fff] to [bus 0e] add_size 1000
[    0.614905] pci 0000:00:16.4: bridge window [io  0x1000-0x0fff] to [bus 0f] add_size 1000
[    0.614997] pci 0000:00:16.5: bridge window [io  0x1000-0x0fff] to [bus 10] add_size 1000
[    0.615061] pci 0000:00:16.6: bridge window [io  0x1000-0x0fff] to [bus 11] add_size 1000
[    0.615125] pci 0000:00:16.7: bridge window [io  0x1000-0x0fff] to [bus 12] add_size 1000
[    0.615414] pci 0000:00:17.3: bridge window [io  0x1000-0x0fff] to [bus 16] add_size 1000
[    0.615478] pci 0000:00:17.4: bridge window [io  0x1000-0x0fff] to [bus 17] add_size 1000
[    0.615541] pci 0000:00:17.5: bridge window [io  0x1000-0x0fff] to [bus 18] add_size 1000
[    0.615605] pci 0000:00:17.6: bridge window [io  0x1000-0x0fff] to [bus 19] add_size 1000
[    0.615669] pci 0000:00:17.7: bridge window [io  0x1000-0x0fff] to [bus 1a] add_size 1000
[    0.615882] pci 0000:00:18.2: bridge window [io  0x1000-0x0fff] to [bus 1d] add_size 1000
[    0.615971] pci 0000:00:18.3: bridge window [io  0x1000-0x0fff] to [bus 1e] add_size 1000
[    0.616035] pci 0000:00:18.4: bridge window [io  0x1000-0x0fff] to [bus 1f] add_size 1000
[    0.616099] pci 0000:00:18.5: bridge window [io  0x1000-0x0fff] to [bus 20] add_size 1000
[    0.616163] pci 0000:00:18.6: bridge window [io  0x1000-0x0fff] to [bus 21] add_size 1000
[    0.616227] pci 0000:00:18.7: bridge window [io  0x1000-0x0fff] to [bus 22] add_size 1000
[    0.616238] pci 0000:00:15.3: res[13]=[io  0x1000-0x0fff] res_to_dev_res add_size 1000 min_align 1000
[    0.616239] pci 0000:00:15.3: res[13]=[io  0x1000-0x1fff] res_to_dev_res add_size 1000 min_align 1000
[    0.616240] pci 0000:00:15.4: res[13]=[io  0x1000-0x0fff] res_to_dev_res add_size 1000 min_align 1000
[    0.616241] pci 0000:00:15.4: res[13]=[io  0x1000-0x1fff] res_to_dev_res add_size 1000 min_align 1000
[    0.616242] pci 0000:00:15.5: res[13]=[io  0x1000-0x0fff] res_to_dev_res add_size 1000 min_align 1000
[    0.616243] pci 0000:00:15.5: res[13]=[io  0x1000-0x1fff] res_to_dev_res add_size 1000 min_align 1000
[    0.616244] pci 0000:00:15.6: res[13]=[io  0x1000-0x0fff] res_to_dev_res add_size 1000 min_align 1000
[    0.616245] pci 0000:00:15.6: res[13]=[io  0x1000-0x1fff] res_to_dev_res add_size 1000 min_align 1000
[    0.616246] pci 0000:00:15.7: res[13]=[io  0x1000-0x0fff] res_to_dev_res add_size 1000 min_align 1000
[    0.616247] pci 0000:00:15.7: res[13]=[io  0x1000-0x1fff] res_to_dev_res add_size 1000 min_align 1000
[    0.616248] pci 0000:00:16.3: res[13]=[io  0x1000-0x0fff] res_to_dev_res add_size 1000 min_align 1000
[    0.616249] pci 0000:00:16.3: res[13]=[io  0x1000-0x1fff] res_to_dev_res add_size 1000 min_align 1000
[    0.616250] pci 0000:00:16.4: res[13]=[io  0x1000-0x0fff] res_to_dev_res add_size 1000 min_align 1000
[    0.616251] pci 0000:00:16.4: res[13]=[io  0x1000-0x1fff] res_to_dev_res add_size 1000 min_align 1000
[    0.616252] pci 0000:00:16.5: res[13]=[io  0x1000-0x0fff] res_to_dev_res add_size 1000 min_align 1000
[    0.616252] pci 0000:00:16.5: res[13]=[io  0x1000-0x1fff] res_to_dev_res add_size 1000 min_align 1000
[    0.616253] pci 0000:00:16.6: res[13]=[io  0x1000-0x0fff] res_to_dev_res add_size 1000 min_align 1000
[    0.616254] pci 0000:00:16.6: res[13]=[io  0x1000-0x1fff] res_to_dev_res add_size 1000 min_align 1000
[    0.616255] pci 0000:00:16.7: res[13]=[io  0x1000-0x0fff] res_to_dev_res add_size 1000 min_align 1000
[    0.616256] pci 0000:00:16.7: res[13]=[io  0x1000-0x1fff] res_to_dev_res add_size 1000 min_align 1000
[    0.616257] pci 0000:00:17.3: res[13]=[io  0x1000-0x0fff] res_to_dev_res add_size 1000 min_align 1000
[    0.616258] pci 0000:00:17.3: res[13]=[io  0x1000-0x1fff] res_to_dev_res add_size 1000 min_align 1000
[    0.616259] pci 0000:00:17.4: res[13]=[io  0x1000-0x0fff] res_to_dev_res add_size 1000 min_align 1000
[    0.616260] pci 0000:00:17.4: res[13]=[io  0x1000-0x1fff] res_to_dev_res add_size 1000 min_align 1000
[    0.616261] pci 0000:00:17.5: res[13]=[io  0x1000-0x0fff] res_to_dev_res add_size 1000 min_align 1000
[    0.616262] pci 0000:00:17.5: res[13]=[io  0x1000-0x1fff] res_to_dev_res add_size 1000 min_align 1000
[    0.616262] pci 0000:00:17.6: res[13]=[io  0x1000-0x0fff] res_to_dev_res add_size 1000 min_align 1000
[    0.616263] pci 0000:00:17.6: res[13]=[io  0x1000-0x1fff] res_to_dev_res add_size 1000 min_align 1000
[    0.616264] pci 0000:00:17.7: res[13]=[io  0x1000-0x0fff] res_to_dev_res add_size 1000 min_align 1000
[    0.616265] pci 0000:00:17.7: res[13]=[io  0x1000-0x1fff] res_to_dev_res add_size 1000 min_align 1000
[    0.616266] pci 0000:00:18.2: res[13]=[io  0x1000-0x0fff] res_to_dev_res add_size 1000 min_align 1000
[    0.616267] pci 0000:00:18.2: res[13]=[io  0x1000-0x1fff] res_to_dev_res add_size 1000 min_align 1000
[    0.616268] pci 0000:00:18.3: res[13]=[io  0x1000-0x0fff] res_to_dev_res add_size 1000 min_align 1000
[    0.616269] pci 0000:00:18.3: res[13]=[io  0x1000-0x1fff] res_to_dev_res add_size 1000 min_align 1000
[    0.616270] pci 0000:00:18.4: res[13]=[io  0x1000-0x0fff] res_to_dev_res add_size 1000 min_align 1000
[    0.616271] pci 0000:00:18.4: res[13]=[io  0x1000-0x1fff] res_to_dev_res add_size 1000 min_align 1000
[    0.616271] pci 0000:00:18.5: res[13]=[io  0x1000-0x0fff] res_to_dev_res add_size 1000 min_align 1000
[    0.616272] pci 0000:00:18.5: res[13]=[io  0x1000-0x1fff] res_to_dev_res add_size 1000 min_align 1000
[    0.616273] pci 0000:00:18.6: res[13]=[io  0x1000-0x0fff] res_to_dev_res add_size 1000 min_align 1000
[    0.616274] pci 0000:00:18.6: res[13]=[io  0x1000-0x1fff] res_to_dev_res add_size 1000 min_align 1000
[    0.616275] pci 0000:00:18.7: res[13]=[io  0x1000-0x0fff] res_to_dev_res add_size 1000 min_align 1000
[    0.616276] pci 0000:00:18.7: res[13]=[io  0x1000-0x1fff] res_to_dev_res add_size 1000 min_align 1000
[    0.616297] pci 0000:00:0f.0: BAR 6: assigned [mem 0xc0000000-0xc0007fff pref]
[    0.616300] pci 0000:00:10.0: BAR 6: assigned [mem 0xc0008000-0xc000bfff pref]
[    0.616304] pci 0000:00:15.3: BAR 13: no space for [io  size 0x1000]
[    0.616306] pci 0000:00:15.3: BAR 13: failed to assign [io  size 0x1000]
[    0.616309] pci 0000:00:15.4: BAR 13: no space for [io  size 0x1000]
[    0.616311] pci 0000:00:15.4: BAR 13: failed to assign [io  size 0x1000]
[    0.616313] pci 0000:00:15.5: BAR 13: no space for [io  size 0x1000]
[    0.616314] pci 0000:00:15.5: BAR 13: failed to assign [io  size 0x1000]
[    0.616315] pci 0000:00:15.6: BAR 13: no space for [io  size 0x1000]
[    0.616316] pci 0000:00:15.6: BAR 13: failed to assign [io  size 0x1000]
[    0.616317] pci 0000:00:15.7: BAR 13: no space for [io  size 0x1000]
[    0.616318] pci 0000:00:15.7: BAR 13: failed to assign [io  size 0x1000]
[    0.616320] pci 0000:00:16.3: BAR 13: no space for [io  size 0x1000]
[    0.616321] pci 0000:00:16.3: BAR 13: failed to assign [io  size 0x1000]
[    0.616322] pci 0000:00:16.4: BAR 13: no space for [io  size 0x1000]
[    0.616332] pci 0000:00:16.4: BAR 13: failed to assign [io  size 0x1000]
[    0.616333] pci 0000:00:16.5: BAR 13: no space for [io  size 0x1000]
[    0.616334] pci 0000:00:16.5: BAR 13: failed to assign [io  size 0x1000]
[    0.616335] pci 0000:00:16.6: BAR 13: no space for [io  size 0x1000]
[    0.616336] pci 0000:00:16.6: BAR 13: failed to assign [io  size 0x1000]
[    0.616337] pci 0000:00:16.7: BAR 13: no space for [io  size 0x1000]
[    0.616338] pci 0000:00:16.7: BAR 13: failed to assign [io  size 0x1000]
[    0.616339] pci 0000:00:17.3: BAR 13: no space for [io  size 0x1000]
[    0.616340] pci 0000:00:17.3: BAR 13: failed to assign [io  size 0x1000]
[    0.616341] pci 0000:00:17.4: BAR 13: no space for [io  size 0x1000]
[    0.616342] pci 0000:00:17.4: BAR 13: failed to assign [io  size 0x1000]
[    0.616343] pci 0000:00:17.5: BAR 13: no space for [io  size 0x1000]
[    0.616344] pci 0000:00:17.5: BAR 13: failed to assign [io  size 0x1000]
[    0.616345] pci 0000:00:17.6: BAR 13: no space for [io  size 0x1000]
[    0.616346] pci 0000:00:17.6: BAR 13: failed to assign [io  size 0x1000]
[    0.616347] pci 0000:00:17.7: BAR 13: no space for [io  size 0x1000]
[    0.616348] pci 0000:00:17.7: BAR 13: failed to assign [io  size 0x1000]
[    0.616349] pci 0000:00:18.2: BAR 13: no space for [io  size 0x1000]
[    0.616350] pci 0000:00:18.2: BAR 13: failed to assign [io  size 0x1000]
[    0.616351] pci 0000:00:18.3: BAR 13: no space for [io  size 0x1000]
[    0.616352] pci 0000:00:18.3: BAR 13: failed to assign [io  size 0x1000]
[    0.616353] pci 0000:00:18.4: BAR 13: no space for [io  size 0x1000]
[    0.616354] pci 0000:00:18.4: BAR 13: failed to assign [io  size 0x1000]
[    0.616356] pci 0000:00:18.5: BAR 13: no space for [io  size 0x1000]
[    0.616356] pci 0000:00:18.5: BAR 13: failed to assign [io  size 0x1000]
[    0.616358] pci 0000:00:18.6: BAR 13: no space for [io  size 0x1000]
[    0.616358] pci 0000:00:18.6: BAR 13: failed to assign [io  size 0x1000]
[    0.616360] pci 0000:00:18.7: BAR 13: no space for [io  size 0x1000]
[    0.616360] pci 0000:00:18.7: BAR 13: failed to assign [io  size 0x1000]
[    0.616364] pci 0000:00:18.7: BAR 13: no space for [io  size 0x1000]
[    0.616365] pci 0000:00:18.7: BAR 13: failed to assign [io  size 0x1000]
[    0.616366] pci 0000:00:18.6: BAR 13: no space for [io  size 0x1000]
[    0.616367] pci 0000:00:18.6: BAR 13: failed to assign [io  size 0x1000]
[    0.616368] pci 0000:00:18.5: BAR 13: no space for [io  size 0x1000]
[    0.616369] pci 0000:00:18.5: BAR 13: failed to assign [io  size 0x1000]
[    0.616370] pci 0000:00:18.4: BAR 13: no space for [io  size 0x1000]
[    0.616371] pci 0000:00:18.4: BAR 13: failed to assign [io  size 0x1000]
[    0.616372] pci 0000:00:18.3: BAR 13: no space for [io  size 0x1000]
[    0.616373] pci 0000:00:18.3: BAR 13: failed to assign [io  size 0x1000]
[    0.616374] pci 0000:00:18.2: BAR 13: no space for [io  size 0x1000]
[    0.616375] pci 0000:00:18.2: BAR 13: failed to assign [io  size 0x1000]
[    0.616376] pci 0000:00:17.7: BAR 13: no space for [io  size 0x1000]
[    0.616377] pci 0000:00:17.7: BAR 13: failed to assign [io  size 0x1000]
[    0.616378] pci 0000:00:17.6: BAR 13: no space for [io  size 0x1000]
[    0.616379] pci 0000:00:17.6: BAR 13: failed to assign [io  size 0x1000]
[    0.616380] pci 0000:00:17.5: BAR 13: no space for [io  size 0x1000]
[    0.616381] pci 0000:00:17.5: BAR 13: failed to assign [io  size 0x1000]
[    0.616383] pci 0000:00:17.4: BAR 13: no space for [io  size 0x1000]
[    0.616383] pci 0000:00:17.4: BAR 13: failed to assign [io  size 0x1000]
[    0.616385] pci 0000:00:17.3: BAR 13: no space for [io  size 0x1000]
[    0.616385] pci 0000:00:17.3: BAR 13: failed to assign [io  size 0x1000]
[    0.616387] pci 0000:00:16.7: BAR 13: no space for [io  size 0x1000]
[    0.616387] pci 0000:00:16.7: BAR 13: failed to assign [io  size 0x1000]
[    0.616389] pci 0000:00:16.6: BAR 13: no space for [io  size 0x1000]
[    0.616390] pci 0000:00:16.6: BAR 13: failed to assign [io  size 0x1000]
[    0.616391] pci 0000:00:16.5: BAR 13: no space for [io  size 0x1000]
[    0.616392] pci 0000:00:16.5: BAR 13: failed to assign [io  size 0x1000]
[    0.616393] pci 0000:00:16.4: BAR 13: no space for [io  size 0x1000]
[    0.616394] pci 0000:00:16.4: BAR 13: failed to assign [io  size 0x1000]
[    0.616395] pci 0000:00:16.3: BAR 13: no space for [io  size 0x1000]
[    0.616396] pci 0000:00:16.3: BAR 13: failed to assign [io  size 0x1000]
[    0.616397] pci 0000:00:15.7: BAR 13: no space for [io  size 0x1000]
[    0.616398] pci 0000:00:15.7: BAR 13: failed to assign [io  size 0x1000]
[    0.616399] pci 0000:00:15.6: BAR 13: no space for [io  size 0x1000]
[    0.616400] pci 0000:00:15.6: BAR 13: failed to assign [io  size 0x1000]
[    0.616401] pci 0000:00:15.5: BAR 13: no space for [io  size 0x1000]
[    0.616402] pci 0000:00:15.5: BAR 13: failed to assign [io  size 0x1000]
[    0.616403] pci 0000:00:15.4: BAR 13: no space for [io  size 0x1000]
[    0.616404] pci 0000:00:15.4: BAR 13: failed to assign [io  size 0x1000]
[    0.616405] pci 0000:00:15.3: BAR 13: no space for [io  size 0x1000]
[    0.616406] pci 0000:00:15.3: BAR 13: failed to assign [io  size 0x1000]
[    0.616408] pci 0000:00:01.0: PCI bridge to [bus 01]
[    0.616509] pci 0000:02:01.0: BAR 6: assigned [mem 0xc9040000-0xc904ffff pref]
[    0.616510] pci 0000:00:11.0: PCI bridge to [bus 02]
[    0.616522] pci 0000:00:11.0:   bridge window [io  0x2000-0x3fff]
[    0.616555] pci 0000:00:11.0:   bridge window [mem 0xc9000000-0xca3fffff]
[    0.616577] pci 0000:00:11.0:   bridge window [mem 0xd8400000-0xd89fffff 64bit pref]
[    0.616620] pci 0000:00:15.0: PCI bridge to [bus 03]
[    0.616632] pci 0000:00:15.0:   bridge window [io  0x4000-0x4fff]
[    0.616665] pci 0000:00:15.0:   bridge window [mem 0xca400000-0xca4fffff]
[    0.616687] pci 0000:00:15.0:   bridge window [mem 0xd8a00000-0xd8afffff 64bit pref]
[    0.616773] pci 0000:00:15.1: PCI bridge to [bus 04]
[    0.616808] pci 0000:00:15.1:   bridge window [io  0x8000-0x8fff]
[    0.616852] pci 0000:00:15.1:   bridge window [mem 0xca800000-0xca8fffff]
[    0.616874] pci 0000:00:15.1:   bridge window [mem 0xd8e00000-0xd8efffff 64bit pref]
[    0.616960] pci 0000:00:15.2: PCI bridge to [bus 05]
[    0.616974] pci 0000:00:15.2:   bridge window [io  0xc000-0xcfff]
[    0.617007] pci 0000:00:15.2:   bridge window [mem 0xcac00000-0xcacfffff]
[    0.617029] pci 0000:00:15.2:   bridge window [mem 0xd9200000-0xd92fffff 64bit pref]
[    0.617085] pci 0000:00:15.3: PCI bridge to [bus 06]
[    0.617120] pci 0000:00:15.3:   bridge window [mem 0xcb000000-0xcb0fffff]
[    0.617142] pci 0000:00:15.3:   bridge window [mem 0xd9600000-0xd96fffff 64bit pref]
[    0.617196] pci 0000:00:15.4: PCI bridge to [bus 07]
[    0.617230] pci 0000:00:15.4:   bridge window [mem 0xcb400000-0xcb4fffff]
[    0.617252] pci 0000:00:15.4:   bridge window [mem 0xd9a00000-0xd9afffff 64bit pref]
[    0.617334] pci 0000:00:15.5: PCI bridge to [bus 08]
[    0.617369] pci 0000:00:15.5:   bridge window [mem 0xcb800000-0xcb8fffff]
[    0.617391] pci 0000:00:15.5:   bridge window [mem 0xd9e00000-0xd9efffff 64bit pref]
[    0.617444] pci 0000:00:15.6: PCI bridge to [bus 09]
[    0.617478] pci 0000:00:15.6:   bridge window [mem 0xcbc00000-0xcbcfffff]
[    0.617500] pci 0000:00:15.6:   bridge window [mem 0xda200000-0xda2fffff 64bit pref]
[    0.617554] pci 0000:00:15.7: PCI bridge to [bus 0a]
[    0.617588] pci 0000:00:15.7:   bridge window [mem 0xcc000000-0xcc0fffff]
[    0.617610] pci 0000:00:15.7:   bridge window [mem 0xda600000-0xda6fffff 64bit pref]
[    0.617663] pci 0000:00:16.0: PCI bridge to [bus 0b]
[    0.617676] pci 0000:00:16.0:   bridge window [io  0x5000-0x5fff]
[    0.617709] pci 0000:00:16.0:   bridge window [mem 0xca500000-0xca5fffff]
[    0.617731] pci 0000:00:16.0:   bridge window [mem 0xd8b00000-0xd8bfffff 64bit pref]
[    0.617801] pci 0000:00:16.1: PCI bridge to [bus 0c]
[    0.617819] pci 0000:00:16.1:   bridge window [io  0x9000-0x9fff]
[    0.617862] pci 0000:00:16.1:   bridge window [mem 0xca900000-0xca9fffff]
[    0.617884] pci 0000:00:16.1:   bridge window [mem 0xd8f00000-0xd8ffffff 64bit pref]
[    0.617965] pci 0000:00:16.2: PCI bridge to [bus 0d]
[    0.617979] pci 0000:00:16.2:   bridge window [io  0xd000-0xdfff]
[    0.618011] pci 0000:00:16.2:   bridge window [mem 0xcad00000-0xcadfffff]
[    0.618033] pci 0000:00:16.2:   bridge window [mem 0xd9300000-0xd93fffff 64bit pref]
[    0.618089] pci 0000:00:16.3: PCI bridge to [bus 0e]
[    0.618123] pci 0000:00:16.3:   bridge window [mem 0xcb100000-0xcb1fffff]
[    0.618145] pci 0000:00:16.3:   bridge window [mem 0xd9700000-0xd97fffff 64bit pref]
[    0.618198] pci 0000:00:16.4: PCI bridge to [bus 0f]
[    0.618232] pci 0000:00:16.4:   bridge window [mem 0xcb500000-0xcb5fffff]
[    0.618254] pci 0000:00:16.4:   bridge window [mem 0xd9b00000-0xd9bfffff 64bit pref]
[    0.618340] pci 0000:00:16.5: PCI bridge to [bus 10]
[    0.618375] pci 0000:00:16.5:   bridge window [mem 0xcb900000-0xcb9fffff]
[    0.618397] pci 0000:00:16.5:   bridge window [mem 0xd9f00000-0xd9ffffff 64bit pref]
[    0.618450] pci 0000:00:16.6: PCI bridge to [bus 11]
[    0.618484] pci 0000:00:16.6:   bridge window [mem 0xcbd00000-0xcbdfffff]
[    0.618506] pci 0000:00:16.6:   bridge window [mem 0xda300000-0xda3fffff 64bit pref]
[    0.618559] pci 0000:00:16.7: PCI bridge to [bus 12]
[    0.618594] pci 0000:00:16.7:   bridge window [mem 0xcc100000-0xcc1fffff]
[    0.618616] pci 0000:00:16.7:   bridge window [mem 0xda700000-0xda7fffff 64bit pref]
[    0.618669] pci 0000:00:17.0: PCI bridge to [bus 13]
[    0.618682] pci 0000:00:17.0:   bridge window [io  0x6000-0x6fff]
[    0.618715] pci 0000:00:17.0:   bridge window [mem 0xca600000-0xca6fffff]
[    0.618737] pci 0000:00:17.0:   bridge window [mem 0xd8c00000-0xd8cfffff 64bit pref]
[    0.618812] pci 0000:00:17.1: PCI bridge to [bus 14]
[    0.618837] pci 0000:00:17.1:   bridge window [io  0xa000-0xafff]
[    0.618869] pci 0000:00:17.1:   bridge window [mem 0xcaa00000-0xcaafffff]
[    0.618892] pci 0000:00:17.1:   bridge window [mem 0xd9000000-0xd90fffff 64bit pref]
[    0.618976] pci 0000:00:17.2: PCI bridge to [bus 15]
[    0.618990] pci 0000:00:17.2:   bridge window [io  0xe000-0xefff]
[    0.619022] pci 0000:00:17.2:   bridge window [mem 0xcae00000-0xcaefffff]
[    0.619044] pci 0000:00:17.2:   bridge window [mem 0xd9400000-0xd94fffff 64bit pref]
[    0.619098] pci 0000:00:17.3: PCI bridge to [bus 16]
[    0.619132] pci 0000:00:17.3:   bridge window [mem 0xcb200000-0xcb2fffff]
[    0.619154] pci 0000:00:17.3:   bridge window [mem 0xd9800000-0xd98fffff 64bit pref]
[    0.619207] pci 0000:00:17.4: PCI bridge to [bus 17]
[    0.619241] pci 0000:00:17.4:   bridge window [mem 0xcb600000-0xcb6fffff]
[    0.619264] pci 0000:00:17.4:   bridge window [mem 0xd9c00000-0xd9cfffff 64bit pref]
[    0.619335] pci 0000:00:17.5: PCI bridge to [bus 18]
[    0.619373] pci 0000:00:17.5:   bridge window [mem 0xcba00000-0xcbafffff]
[    0.619404] pci 0000:00:17.5:   bridge window [mem 0xda000000-0xda0fffff 64bit pref]
[    0.619457] pci 0000:00:17.6: PCI bridge to [bus 19]
[    0.619491] pci 0000:00:17.6:   bridge window [mem 0xcbe00000-0xcbefffff]
[    0.619514] pci 0000:00:17.6:   bridge window [mem 0xda400000-0xda4fffff 64bit pref]
[    0.619567] pci 0000:00:17.7: PCI bridge to [bus 1a]
[    0.619601] pci 0000:00:17.7:   bridge window [mem 0xcc200000-0xcc2fffff]
[    0.619623] pci 0000:00:17.7:   bridge window [mem 0xda800000-0xda8fffff 64bit pref]
[    0.619676] pci 0000:00:18.0: PCI bridge to [bus 1b]
[    0.619690] pci 0000:00:18.0:   bridge window [io  0x7000-0x7fff]
[    0.619723] pci 0000:00:18.0:   bridge window [mem 0xca700000-0xca7fffff]
[    0.619745] pci 0000:00:18.0:   bridge window [mem 0xd8d00000-0xd8dfffff 64bit pref]
[    0.619830] pci 0000:00:18.1: PCI bridge to [bus 1c]
[    0.619844] pci 0000:00:18.1:   bridge window [io  0xb000-0xbfff]
[    0.619877] pci 0000:00:18.1:   bridge window [mem 0xcab00000-0xcabfffff]
[    0.619899] pci 0000:00:18.1:   bridge window [mem 0xd9100000-0xd91fffff 64bit pref]
[    0.619981] pci 0000:00:18.2: PCI bridge to [bus 1d]
[    0.620015] pci 0000:00:18.2:   bridge window [mem 0xcaf00000-0xcaffffff]
[    0.620037] pci 0000:00:18.2:   bridge window [mem 0xd9500000-0xd95fffff 64bit pref]
[    0.620091] pci 0000:00:18.3: PCI bridge to [bus 1e]
[    0.620125] pci 0000:00:18.3:   bridge window [mem 0xcb300000-0xcb3fffff]
[    0.620147] pci 0000:00:18.3:   bridge window [mem 0xd9900000-0xd99fffff 64bit pref]
[    0.620200] pci 0000:00:18.4: PCI bridge to [bus 1f]
[    0.620234] pci 0000:00:18.4:   bridge window [mem 0xcb700000-0xcb7fffff]
[    0.620257] pci 0000:00:18.4:   bridge window [mem 0xd9d00000-0xd9dfffff 64bit pref]
[    0.620341] pci 0000:00:18.5: PCI bridge to [bus 20]
[    0.620375] pci 0000:00:18.5:   bridge window [mem 0xcbb00000-0xcbbfffff]
[    0.620397] pci 0000:00:18.5:   bridge window [mem 0xda100000-0xda1fffff 64bit pref]
[    0.620450] pci 0000:00:18.6: PCI bridge to [bus 21]
[    0.620485] pci 0000:00:18.6:   bridge window [mem 0xcbf00000-0xcbffffff]
[    0.620507] pci 0000:00:18.6:   bridge window [mem 0xda500000-0xda5fffff 64bit pref]
[    0.620560] pci 0000:00:18.7: PCI bridge to [bus 22]
[    0.620594] pci 0000:00:18.7:   bridge window [mem 0xcc300000-0xcc3fffff]
[    0.620616] pci 0000:00:18.7:   bridge window [mem 0xda900000-0xda9fffff 64bit pref]
[    0.620670] pci_bus 0000:00: resource 4 [mem 0x000a0000-0x000bffff window]
[    0.620671] pci_bus 0000:00: resource 5 [mem 0x000cc000-0x000cffff window]
[    0.620672] pci_bus 0000:00: resource 6 [mem 0x000d0000-0x000d3fff window]
[    0.620673] pci_bus 0000:00: resource 7 [mem 0x000d4000-0x000d7fff window]
[    0.620674] pci_bus 0000:00: resource 8 [mem 0x000d8000-0x000dbfff window]
[    0.620675] pci_bus 0000:00: resource 9 [mem 0xc0000000-0xfebfffff window]
[    0.620676] pci_bus 0000:00: resource 10 [io  0x0000-0x0cf7 window]
[    0.620677] pci_bus 0000:00: resource 11 [io  0x0d00-0xfeff window]
[    0.620678] pci_bus 0000:02: resource 0 [io  0x2000-0x3fff]
[    0.620679] pci_bus 0000:02: resource 1 [mem 0xc9000000-0xca3fffff]
[    0.620680] pci_bus 0000:02: resource 2 [mem 0xd8400000-0xd89fffff 64bit pref]
[    0.620681] pci_bus 0000:02: resource 4 [mem 0x000a0000-0x000bffff window]
[    0.620682] pci_bus 0000:02: resource 5 [mem 0x000cc000-0x000cffff window]
[    0.620683] pci_bus 0000:02: resource 6 [mem 0x000d0000-0x000d3fff window]
[    0.620683] pci_bus 0000:02: resource 7 [mem 0x000d4000-0x000d7fff window]
[    0.620684] pci_bus 0000:02: resource 8 [mem 0x000d8000-0x000dbfff window]
[    0.620685] pci_bus 0000:02: resource 9 [mem 0xc0000000-0xfebfffff window]
[    0.620686] pci_bus 0000:02: resource 10 [io  0x0000-0x0cf7 window]
[    0.620687] pci_bus 0000:02: resource 11 [io  0x0d00-0xfeff window]
[    0.620688] pci_bus 0000:03: resource 0 [io  0x4000-0x4fff]
[    0.620689] pci_bus 0000:03: resource 1 [mem 0xca400000-0xca4fffff]
[    0.620690] pci_bus 0000:03: resource 2 [mem 0xd8a00000-0xd8afffff 64bit pref]
[    0.620691] pci_bus 0000:04: resource 0 [io  0x8000-0x8fff]
[    0.620691] pci_bus 0000:04: resource 1 [mem 0xca800000-0xca8fffff]
[    0.620692] pci_bus 0000:04: resource 2 [mem 0xd8e00000-0xd8efffff 64bit pref]
[    0.620693] pci_bus 0000:05: resource 0 [io  0xc000-0xcfff]
[    0.620694] pci_bus 0000:05: resource 1 [mem 0xcac00000-0xcacfffff]
[    0.620695] pci_bus 0000:05: resource 2 [mem 0xd9200000-0xd92fffff 64bit pref]
[    0.620696] pci_bus 0000:06: resource 1 [mem 0xcb000000-0xcb0fffff]
[    0.620697] pci_bus 0000:06: resource 2 [mem 0xd9600000-0xd96fffff 64bit pref]
[    0.620698] pci_bus 0000:07: resource 1 [mem 0xcb400000-0xcb4fffff]
[    0.620699] pci_bus 0000:07: resource 2 [mem 0xd9a00000-0xd9afffff 64bit pref]
[    0.620700] pci_bus 0000:08: resource 1 [mem 0xcb800000-0xcb8fffff]
[    0.620701] pci_bus 0000:08: resource 2 [mem 0xd9e00000-0xd9efffff 64bit pref]
[    0.620701] pci_bus 0000:09: resource 1 [mem 0xcbc00000-0xcbcfffff]
[    0.620702] pci_bus 0000:09: resource 2 [mem 0xda200000-0xda2fffff 64bit pref]
[    0.620703] pci_bus 0000:0a: resource 1 [mem 0xcc000000-0xcc0fffff]
[    0.620704] pci_bus 0000:0a: resource 2 [mem 0xda600000-0xda6fffff 64bit pref]
[    0.620705] pci_bus 0000:0b: resource 0 [io  0x5000-0x5fff]
[    0.620706] pci_bus 0000:0b: resource 1 [mem 0xca500000-0xca5fffff]
[    0.620707] pci_bus 0000:0b: resource 2 [mem 0xd8b00000-0xd8bfffff 64bit pref]
[    0.620708] pci_bus 0000:0c: resource 0 [io  0x9000-0x9fff]
[    0.620708] pci_bus 0000:0c: resource 1 [mem 0xca900000-0xca9fffff]
[    0.620709] pci_bus 0000:0c: resource 2 [mem 0xd8f00000-0xd8ffffff 64bit pref]
[    0.620710] pci_bus 0000:0d: resource 0 [io  0xd000-0xdfff]
[    0.620711] pci_bus 0000:0d: resource 1 [mem 0xcad00000-0xcadfffff]
[    0.620712] pci_bus 0000:0d: resource 2 [mem 0xd9300000-0xd93fffff 64bit pref]
[    0.620713] pci_bus 0000:0e: resource 1 [mem 0xcb100000-0xcb1fffff]
[    0.620714] pci_bus 0000:0e: resource 2 [mem 0xd9700000-0xd97fffff 64bit pref]
[    0.620715] pci_bus 0000:0f: resource 1 [mem 0xcb500000-0xcb5fffff]
[    0.620716] pci_bus 0000:0f: resource 2 [mem 0xd9b00000-0xd9bfffff 64bit pref]
[    0.620717] pci_bus 0000:10: resource 1 [mem 0xcb900000-0xcb9fffff]
[    0.620717] pci_bus 0000:10: resource 2 [mem 0xd9f00000-0xd9ffffff 64bit pref]
[    0.620718] pci_bus 0000:11: resource 1 [mem 0xcbd00000-0xcbdfffff]
[    0.620719] pci_bus 0000:11: resource 2 [mem 0xda300000-0xda3fffff 64bit pref]
[    0.620720] pci_bus 0000:12: resource 1 [mem 0xcc100000-0xcc1fffff]
[    0.620721] pci_bus 0000:12: resource 2 [mem 0xda700000-0xda7fffff 64bit pref]
[    0.620722] pci_bus 0000:13: resource 0 [io  0x6000-0x6fff]
[    0.620723] pci_bus 0000:13: resource 1 [mem 0xca600000-0xca6fffff]
[    0.620724] pci_bus 0000:13: resource 2 [mem 0xd8c00000-0xd8cfffff 64bit pref]
[    0.620725] pci_bus 0000:14: resource 0 [io  0xa000-0xafff]
[    0.620725] pci_bus 0000:14: resource 1 [mem 0xcaa00000-0xcaafffff]
[    0.620726] pci_bus 0000:14: resource 2 [mem 0xd9000000-0xd90fffff 64bit pref]
[    0.620727] pci_bus 0000:15: resource 0 [io  0xe000-0xefff]
[    0.620728] pci_bus 0000:15: resource 1 [mem 0xcae00000-0xcaefffff]
[    0.620729] pci_bus 0000:15: resource 2 [mem 0xd9400000-0xd94fffff 64bit pref]
[    0.620730] pci_bus 0000:16: resource 1 [mem 0xcb200000-0xcb2fffff]
[    0.620731] pci_bus 0000:16: resource 2 [mem 0xd9800000-0xd98fffff 64bit pref]
[    0.620732] pci_bus 0000:17: resource 1 [mem 0xcb600000-0xcb6fffff]
[    0.620732] pci_bus 0000:17: resource 2 [mem 0xd9c00000-0xd9cfffff 64bit pref]
[    0.620733] pci_bus 0000:18: resource 1 [mem 0xcba00000-0xcbafffff]
[    0.620734] pci_bus 0000:18: resource 2 [mem 0xda000000-0xda0fffff 64bit pref]
[    0.620735] pci_bus 0000:19: resource 1 [mem 0xcbe00000-0xcbefffff]
[    0.620736] pci_bus 0000:19: resource 2 [mem 0xda400000-0xda4fffff 64bit pref]
[    0.620737] pci_bus 0000:1a: resource 1 [mem 0xcc200000-0xcc2fffff]
[    0.620738] pci_bus 0000:1a: resource 2 [mem 0xda800000-0xda8fffff 64bit pref]
[    0.620739] pci_bus 0000:1b: resource 0 [io  0x7000-0x7fff]
[    0.620740] pci_bus 0000:1b: resource 1 [mem 0xca700000-0xca7fffff]
[    0.620741] pci_bus 0000:1b: resource 2 [mem 0xd8d00000-0xd8dfffff 64bit pref]
[    0.620742] pci_bus 0000:1c: resource 0 [io  0xb000-0xbfff]
[    0.620742] pci_bus 0000:1c: resource 1 [mem 0xcab00000-0xcabfffff]
[    0.620743] pci_bus 0000:1c: resource 2 [mem 0xd9100000-0xd91fffff 64bit pref]
[    0.620744] pci_bus 0000:1d: resource 1 [mem 0xcaf00000-0xcaffffff]
[    0.620745] pci_bus 0000:1d: resource 2 [mem 0xd9500000-0xd95fffff 64bit pref]
[    0.620746] pci_bus 0000:1e: resource 1 [mem 0xcb300000-0xcb3fffff]
[    0.620747] pci_bus 0000:1e: resource 2 [mem 0xd9900000-0xd99fffff 64bit pref]
[    0.620748] pci_bus 0000:1f: resource 1 [mem 0xcb700000-0xcb7fffff]
[    0.620748] pci_bus 0000:1f: resource 2 [mem 0xd9d00000-0xd9dfffff 64bit pref]
[    0.620749] pci_bus 0000:20: resource 1 [mem 0xcbb00000-0xcbbfffff]
[    0.620750] pci_bus 0000:20: resource 2 [mem 0xda100000-0xda1fffff 64bit pref]
[    0.620751] pci_bus 0000:21: resource 1 [mem 0xcbf00000-0xcbffffff]
[    0.620752] pci_bus 0000:21: resource 2 [mem 0xda500000-0xda5fffff 64bit pref]
[    0.620753] pci_bus 0000:22: resource 1 [mem 0xcc300000-0xcc3fffff]
[    0.620754] pci_bus 0000:22: resource 2 [mem 0xda900000-0xda9fffff 64bit pref]
[    0.620817] NET: Registered protocol family 2
[    0.621160] TCP established hash table entries: 16384 (order: 5, 131072 bytes)
[    0.621204] TCP bind hash table entries: 16384 (order: 6, 262144 bytes)
[    0.621260] TCP: Hash tables configured (established 16384 bind 16384)
[    0.621325] UDP hash table entries: 1024 (order: 3, 32768 bytes)
[    0.621344] UDP-Lite hash table entries: 1024 (order: 3, 32768 bytes)
[    0.621452] NET: Registered protocol family 1
[    0.621461] pci 0000:00:00.0: Limiting direct PCI/PCI transfers
[    0.621550] pci 0000:00:0f.0: Video device with shadowed ROM
[    0.622637] PCI: CLS mismatch (32 != 64), using 64 bytes
[    0.623176] Unpacking initramfs...
[    1.135580] Freeing initrd memory: 37028K (ffff88003379f000 - ffff880035bc8000)
[    1.135630] clocksource: tsc: mask: 0xffffffffffffffff max_cycles: 0x26d46f9ec5a, max_idle_ns: 440795275202 ns
[    1.153809] clocksource: Switched to clocksource tsc
[    1.153857] RAPL PMU detected, API unit is 2^-32 Joules, 4 fixed counters 10737418240 ms ovfl timer
[    1.153858] hw unit of domain pp0-core 2^-0 Joules
[    1.153859] hw unit of domain package 2^-0 Joules
[    1.153860] hw unit of domain dram 2^-0 Joules
[    1.153860] hw unit of domain pp1-gpu 2^-0 Joules
[    1.153912] microcode: CPU0 sig=0x40651, pf=0x1, revision=0x1c
[    1.153954] microcode: CPU1 sig=0x40651, pf=0x1, revision=0x1c
[    1.153997] microcode: CPU2 sig=0x40651, pf=0x1, revision=0x1c
[    1.154041] microcode: CPU3 sig=0x40651, pf=0x1, revision=0x1c
[    1.154221] microcode: Microcode Update Driver: v2.00 <tigran@aivazian.fsnet.co.uk>, Peter Oruba
[    1.156379] futex hash table entries: 16384 (order: 8, 1048576 bytes)
[    1.156583] Initialise system trusted keyring
[    1.156601] audit: initializing netlink subsys (disabled)
[    1.156613] audit: type=2000 audit(1438336545.917:1): initialized
[    1.157074] HugeTLB registered 1 GB page size, pre-allocated 0 pages
[    1.157075] HugeTLB registered 2 MB page size, pre-allocated 0 pages
[    1.158306] zpool: loaded
[    1.158308] zbud: loaded
[    1.158630] VFS: Disk quotas dquot_6.6.0
[    1.158688] VFS: Dquot-cache hash table entries: 512 (order 0, 4096 bytes)
[    1.158961] Key type big_key registered
[    1.158964] SELinux:  Registering netfilter hooks
[    1.171250] NET: Registered protocol family 38
[    1.171256] Key type asymmetric registered
[    1.171258] Asymmetric key parser 'x509' registered
[    1.171284] Block layer SCSI generic (bsg) driver version 0.4 loaded (major 251)
[    1.171502] io scheduler noop registered
[    1.171505] io scheduler deadline registered (default)
[    1.171543] io scheduler cfq registered
[    1.192335] pcieport 0000:00:15.0: Signaling PME through PCIe PME interrupt
[    1.192363] pcie_pme 0000:00:15.0:pcie01: service driver pcie_pme loaded
[    1.192553] pcieport 0000:00:15.1: Signaling PME through PCIe PME interrupt
[    1.192579] pcie_pme 0000:00:15.1:pcie01: service driver pcie_pme loaded
[    1.192784] pcieport 0000:00:15.2: Signaling PME through PCIe PME interrupt
[    1.192811] pcie_pme 0000:00:15.2:pcie01: service driver pcie_pme loaded
[    1.192998] pcieport 0000:00:15.3: Signaling PME through PCIe PME interrupt
[    1.193024] pcie_pme 0000:00:15.3:pcie01: service driver pcie_pme loaded
[    1.193220] pcieport 0000:00:15.4: Signaling PME through PCIe PME interrupt
[    1.193246] pcie_pme 0000:00:15.4:pcie01: service driver pcie_pme loaded
[    1.193432] pcieport 0000:00:15.5: Signaling PME through PCIe PME interrupt
[    1.193457] pcie_pme 0000:00:15.5:pcie01: service driver pcie_pme loaded
[    1.193643] pcieport 0000:00:15.6: Signaling PME through PCIe PME interrupt
[    1.193682] pcie_pme 0000:00:15.6:pcie01: service driver pcie_pme loaded
[    1.193880] pcieport 0000:00:15.7: Signaling PME through PCIe PME interrupt
[    1.193907] pcie_pme 0000:00:15.7:pcie01: service driver pcie_pme loaded
[    1.194093] pcieport 0000:00:16.0: Signaling PME through PCIe PME interrupt
[    1.194119] pcie_pme 0000:00:16.0:pcie01: service driver pcie_pme loaded
[    1.194331] pcieport 0000:00:16.1: Signaling PME through PCIe PME interrupt
[    1.194356] pcie_pme 0000:00:16.1:pcie01: service driver pcie_pme loaded
[    1.194527] pcieport 0000:00:16.2: Signaling PME through PCIe PME interrupt
[    1.194551] pcie_pme 0000:00:16.2:pcie01: service driver pcie_pme loaded
[    1.194757] pcieport 0000:00:16.3: Signaling PME through PCIe PME interrupt
[    1.194781] pcie_pme 0000:00:16.3:pcie01: service driver pcie_pme loaded
[    1.194951] pcieport 0000:00:16.4: Signaling PME through PCIe PME interrupt
[    1.194974] pcie_pme 0000:00:16.4:pcie01: service driver pcie_pme loaded
[    1.195146] pcieport 0000:00:16.5: Signaling PME through PCIe PME interrupt
[    1.195184] pcie_pme 0000:00:16.5:pcie01: service driver pcie_pme loaded
[    1.195366] pcieport 0000:00:16.6: Signaling PME through PCIe PME interrupt
[    1.195389] pcie_pme 0000:00:16.6:pcie01: service driver pcie_pme loaded
[    1.195559] pcieport 0000:00:16.7: Signaling PME through PCIe PME interrupt
[    1.195582] pcie_pme 0000:00:16.7:pcie01: service driver pcie_pme loaded
[    1.195786] pcieport 0000:00:17.0: Signaling PME through PCIe PME interrupt
[    1.195810] pcie_pme 0000:00:17.0:pcie01: service driver pcie_pme loaded
[    1.195980] pcieport 0000:00:17.1: Signaling PME through PCIe PME interrupt
[    1.196003] pcie_pme 0000:00:17.1:pcie01: service driver pcie_pme loaded
[    1.196201] pcieport 0000:00:17.2: Signaling PME through PCIe PME interrupt
[    1.196236] pcie_pme 0000:00:17.2:pcie01: service driver pcie_pme loaded
[    1.196407] pcieport 0000:00:17.3: Signaling PME through PCIe PME interrupt
[    1.196431] pcie_pme 0000:00:17.3:pcie01: service driver pcie_pme loaded
[    1.196600] pcieport 0000:00:17.4: Signaling PME through PCIe PME interrupt
[    1.196624] pcie_pme 0000:00:17.4:pcie01: service driver pcie_pme loaded
[    1.196831] pcieport 0000:00:17.5: Signaling PME through PCIe PME interrupt
[    1.196855] pcie_pme 0000:00:17.5:pcie01: service driver pcie_pme loaded
[    1.197025] pcieport 0000:00:17.6: Signaling PME through PCIe PME interrupt
[    1.197048] pcie_pme 0000:00:17.6:pcie01: service driver pcie_pme loaded
[    1.197247] pcieport 0000:00:17.7: Signaling PME through PCIe PME interrupt
[    1.197271] pcie_pme 0000:00:17.7:pcie01: service driver pcie_pme loaded
[    1.197441] pcieport 0000:00:18.0: Signaling PME through PCIe PME interrupt
[    1.197464] pcie_pme 0000:00:18.0:pcie01: service driver pcie_pme loaded
[    1.197634] pcieport 0000:00:18.1: Signaling PME through PCIe PME interrupt
[    1.197675] pcie_pme 0000:00:18.1:pcie01: service driver pcie_pme loaded
[    1.197866] pcieport 0000:00:18.2: Signaling PME through PCIe PME interrupt
[    1.197890] pcie_pme 0000:00:18.2:pcie01: service driver pcie_pme loaded
[    1.198059] pcieport 0000:00:18.3: Signaling PME through PCIe PME interrupt
[    1.198083] pcie_pme 0000:00:18.3:pcie01: service driver pcie_pme loaded
[    1.198282] pcieport 0000:00:18.4: Signaling PME through PCIe PME interrupt
[    1.198305] pcie_pme 0000:00:18.4:pcie01: service driver pcie_pme loaded
[    1.198475] pcieport 0000:00:18.5: Signaling PME through PCIe PME interrupt
[    1.198498] pcie_pme 0000:00:18.5:pcie01: service driver pcie_pme loaded
[    1.198699] pcieport 0000:00:18.6: Signaling PME through PCIe PME interrupt
[    1.198728] pcie_pme 0000:00:18.6:pcie01: service driver pcie_pme loaded
[    1.198902] pcieport 0000:00:18.7: Signaling PME through PCIe PME interrupt
[    1.198925] pcie_pme 0000:00:18.7:pcie01: service driver pcie_pme loaded
[    1.198933] pci_hotplug: PCI Hot Plug PCI Core version: 0.5
[    1.198973] pciehp 0000:00:15.0:pcie04: Slot #160 AttnBtn+ PwrCtrl+ MRL- AttnInd- PwrInd- HotPlug+ Surprise- Interlock- NoCompl+ LLActRep+
[    1.199134] pciehp 0000:00:15.0:pcie04: service driver pciehp loaded
[    1.199188] pciehp 0000:00:15.1:pcie04: Slot #161 AttnBtn+ PwrCtrl+ MRL- AttnInd- PwrInd- HotPlug+ Surprise- Interlock- NoCompl+ LLActRep+
[    1.199345] pciehp 0000:00:15.1:pcie04: service driver pciehp loaded
[    1.199382] pciehp 0000:00:15.2:pcie04: Slot #162 AttnBtn+ PwrCtrl+ MRL- AttnInd- PwrInd- HotPlug+ Surprise- Interlock- NoCompl+ LLActRep+
[    1.199534] pciehp 0000:00:15.2:pcie04: service driver pciehp loaded
[    1.199571] pciehp 0000:00:15.3:pcie04: Slot #163 AttnBtn+ PwrCtrl+ MRL- AttnInd- PwrInd- HotPlug+ Surprise- Interlock- NoCompl+ LLActRep+
[    1.199774] pciehp 0000:00:15.3:pcie04: service driver pciehp loaded
[    1.199816] pciehp 0000:00:15.4:pcie04: Slot #164 AttnBtn+ PwrCtrl+ MRL- AttnInd- PwrInd- HotPlug+ Surprise- Interlock- NoCompl+ LLActRep+
[    1.199933] pciehp 0000:00:15.4:pcie04: service driver pciehp loaded
[    1.199970] pciehp 0000:00:15.5:pcie04: Slot #165 AttnBtn+ PwrCtrl+ MRL- AttnInd- PwrInd- HotPlug+ Surprise- Interlock- NoCompl+ LLActRep+
[    1.200124] pciehp 0000:00:15.5:pcie04: service driver pciehp loaded
[    1.200180] pciehp 0000:00:15.6:pcie04: Slot #166 AttnBtn+ PwrCtrl+ MRL- AttnInd- PwrInd- HotPlug+ Surprise- Interlock- NoCompl+ LLActRep+
[    1.200340] pciehp 0000:00:15.6:pcie04: service driver pciehp loaded
[    1.200377] pciehp 0000:00:15.7:pcie04: Slot #167 AttnBtn+ PwrCtrl+ MRL- AttnInd- PwrInd- HotPlug+ Surprise- Interlock- NoCompl+ LLActRep+
[    1.200527] pciehp 0000:00:15.7:pcie04: service driver pciehp loaded
[    1.200564] pciehp 0000:00:16.0:pcie04: Slot #192 AttnBtn+ PwrCtrl+ MRL- AttnInd- PwrInd- HotPlug+ Surprise- Interlock- NoCompl+ LLActRep+
[    1.200737] pciehp 0000:00:16.0:pcie04: service driver pciehp loaded
[    1.200775] pciehp 0000:00:16.1:pcie04: Slot #193 AttnBtn+ PwrCtrl+ MRL- AttnInd- PwrInd- HotPlug+ Surprise- Interlock- NoCompl+ LLActRep+
[    1.200932] pciehp 0000:00:16.1:pcie04: service driver pciehp loaded
[    1.200969] pciehp 0000:00:16.2:pcie04: Slot #194 AttnBtn+ PwrCtrl+ MRL- AttnInd- PwrInd- HotPlug+ Surprise- Interlock- NoCompl+ LLActRep+
[    1.201127] pciehp 0000:00:16.2:pcie04: service driver pciehp loaded
[    1.201193] pciehp 0000:00:16.3:pcie04: Slot #195 AttnBtn+ PwrCtrl+ MRL- AttnInd- PwrInd- HotPlug+ Surprise- Interlock- NoCompl+ LLActRep+
[    1.201351] pciehp 0000:00:16.3:pcie04: service driver pciehp loaded
[    1.201388] pciehp 0000:00:16.4:pcie04: Slot #196 AttnBtn+ PwrCtrl+ MRL- AttnInd- PwrInd- HotPlug+ Surprise- Interlock- NoCompl+ LLActRep+
[    1.201540] pciehp 0000:00:16.4:pcie04: service driver pciehp loaded
[    1.201576] pciehp 0000:00:16.5:pcie04: Slot #197 AttnBtn+ PwrCtrl+ MRL- AttnInd- PwrInd- HotPlug+ Surprise- Interlock- NoCompl+ LLActRep+
[    1.201739] pciehp 0000:00:16.5:pcie04: service driver pciehp loaded
[    1.201776] pciehp 0000:00:16.6:pcie04: Slot #198 AttnBtn+ PwrCtrl+ MRL- AttnInd- PwrInd- HotPlug+ Surprise- Interlock- NoCompl+ LLActRep+
[    1.201929] pciehp 0000:00:16.6:pcie04: service driver pciehp loaded
[    1.201966] pciehp 0000:00:16.7:pcie04: Slot #199 AttnBtn+ PwrCtrl+ MRL- AttnInd- PwrInd- HotPlug+ Surprise- Interlock- NoCompl+ LLActRep+
[    1.202135] pciehp 0000:00:16.7:pcie04: service driver pciehp loaded
[    1.202201] pciehp 0000:00:17.0:pcie04: Slot #224 AttnBtn+ PwrCtrl+ MRL- AttnInd- PwrInd- HotPlug+ Surprise- Interlock- NoCompl+ LLActRep+
[    1.202347] pciehp 0000:00:17.0:pcie04: service driver pciehp loaded
[    1.202388] pciehp 0000:00:17.1:pcie04: Slot #225 AttnBtn+ PwrCtrl+ MRL- AttnInd- PwrInd- HotPlug+ Surprise- Interlock- NoCompl+ LLActRep+
[    1.202527] pciehp 0000:00:17.1:pcie04: service driver pciehp loaded
[    1.202567] pciehp 0000:00:17.2:pcie04: Slot #226 AttnBtn+ PwrCtrl+ MRL- AttnInd- PwrInd- HotPlug+ Surprise- Interlock- NoCompl+ LLActRep+
[    1.202714] pciehp 0000:00:17.2:pcie04: service driver pciehp loaded
[    1.202764] pciehp 0000:00:17.3:pcie04: Slot #227 AttnBtn+ PwrCtrl+ MRL- AttnInd- PwrInd- HotPlug+ Surprise- Interlock- NoCompl+ LLActRep+
[    1.202902] pciehp 0000:00:17.3:pcie04: service driver pciehp loaded
[    1.202943] pciehp 0000:00:17.4:pcie04: Slot #228 AttnBtn+ PwrCtrl+ MRL- AttnInd- PwrInd- HotPlug+ Surprise- Interlock- NoCompl+ LLActRep+
[    1.203080] pciehp 0000:00:17.4:pcie04: service driver pciehp loaded
[    1.203120] pciehp 0000:00:17.5:pcie04: Slot #229 AttnBtn+ PwrCtrl+ MRL- AttnInd- PwrInd- HotPlug+ Surprise- Interlock- NoCompl+ LLActRep+
[    1.203267] pciehp 0000:00:17.5:pcie04: service driver pciehp loaded
[    1.203307] pciehp 0000:00:17.6:pcie04: Slot #230 AttnBtn+ PwrCtrl+ MRL- AttnInd- PwrInd- HotPlug+ Surprise- Interlock- NoCompl+ LLActRep+
[    1.203444] pciehp 0000:00:17.6:pcie04: service driver pciehp loaded
[    1.203484] pciehp 0000:00:17.7:pcie04: Slot #231 AttnBtn+ PwrCtrl+ MRL- AttnInd- PwrInd- HotPlug+ Surprise- Interlock- NoCompl+ LLActRep+
[    1.203621] pciehp 0000:00:17.7:pcie04: service driver pciehp loaded
[    1.203672] pciehp 0000:00:18.0:pcie04: Slot #256 AttnBtn+ PwrCtrl+ MRL- AttnInd- PwrInd- HotPlug+ Surprise- Interlock- NoCompl+ LLActRep+
[    1.203840] pciehp 0000:00:18.0:pcie04: service driver pciehp loaded
[    1.203881] pciehp 0000:00:18.1:pcie04: Slot #257 AttnBtn+ PwrCtrl+ MRL- AttnInd- PwrInd- HotPlug+ Surprise- Interlock- NoCompl+ LLActRep+
[    1.204019] pciehp 0000:00:18.1:pcie04: service driver pciehp loaded
[    1.204061] pciehp 0000:00:18.2:pcie04: Slot #258 AttnBtn+ PwrCtrl+ MRL- AttnInd- PwrInd- HotPlug+ Surprise- Interlock- NoCompl+ LLActRep+
[    1.204213] pciehp 0000:00:18.2:pcie04: service driver pciehp loaded
[    1.204254] pciehp 0000:00:18.3:pcie04: Slot #259 AttnBtn+ PwrCtrl+ MRL- AttnInd- PwrInd- HotPlug+ Surprise- Interlock- NoCompl+ LLActRep+
[    1.204392] pciehp 0000:00:18.3:pcie04: service driver pciehp loaded
[    1.204432] pciehp 0000:00:18.4:pcie04: Slot #260 AttnBtn+ PwrCtrl+ MRL- AttnInd- PwrInd- HotPlug+ Surprise- Interlock- NoCompl+ LLActRep+
[    1.204569] pciehp 0000:00:18.4:pcie04: service driver pciehp loaded
[    1.204609] pciehp 0000:00:18.5:pcie04: Slot #261 AttnBtn+ PwrCtrl+ MRL- AttnInd- PwrInd- HotPlug+ Surprise- Interlock- NoCompl+ LLActRep+
[    1.204766] pciehp 0000:00:18.5:pcie04: service driver pciehp loaded
[    1.204807] pciehp 0000:00:18.6:pcie04: Slot #262 AttnBtn+ PwrCtrl+ MRL- AttnInd- PwrInd- HotPlug+ Surprise- Interlock- NoCompl+ LLActRep+
[    1.204945] pciehp 0000:00:18.6:pcie04: service driver pciehp loaded
[    1.204985] pciehp 0000:00:18.7:pcie04: Slot #263 AttnBtn+ PwrCtrl+ MRL- AttnInd- PwrInd- HotPlug+ Surprise- Interlock- NoCompl+ LLActRep+
[    1.205122] pciehp 0000:00:18.7:pcie04: service driver pciehp loaded
[    1.205128] pciehp: PCI Express Hot Plug Controller Driver version: 0.4
[    1.205167] intel_idle: does not run on family 6 model 69
[    1.205316] ACPI: AC Adapter [ACAD] (on-line)
[    1.205376] input: Power Button as /devices/LNXSYSTM:00/LNXPWRBN:00/input/input0
[    1.205379] ACPI: Power Button [PWRF]
[    1.206083] GHES: HEST is not enabled!
[    1.206221] Serial: 8250/16550 driver, 4 ports, IRQ sharing enabled
[    1.234028] 00:06: ttyS0 at I/O 0x3f8 (irq = 4, base_baud = 115200) is a 16550A
[    1.259886] 00:07: ttyS1 at I/O 0x2f8 (irq = 3, base_baud = 115200) is a 16550A
[    1.261236] Non-volatile memory driver v1.3
[    1.261407] Linux agpgart interface v0.103
[    1.261498] agpgart-intel 0000:00:00.0: Intel 440BX Chipset
[    1.262497] agpgart-intel 0000:00:00.0: AGP aperture is 256M @ 0x0
[    1.262988] rdac: device handler registered
[    1.263183] hp_sw: device handler registered
[    1.263186] emc: device handler registered
[    1.263189] alua: device handler registered
[    1.263234] libphy: Fixed MDIO Bus: probed
[    1.263391] ehci_hcd: USB 2.0 'Enhanced' Host Controller (EHCI) Driver
[    1.263395] ehci-pci: EHCI PCI platform driver
[    1.263767] ehci-pci 0000:02:03.0: EHCI Host Controller
[    1.263901] ehci-pci 0000:02:03.0: new USB bus registered, assigned bus number 1
[    1.264057] ehci-pci 0000:02:03.0: cache line size of 64 is not supported
[    1.264103] ehci-pci 0000:02:03.0: irq 17, io mem 0xc9010000
[    1.270196] ehci-pci 0000:02:03.0: USB 2.0 started, EHCI 1.00
[    1.270246] usb usb1: New USB device found, idVendor=1d6b, idProduct=0002
[    1.270248] usb usb1: New USB device strings: Mfr=3, Product=2, SerialNumber=1
[    1.270249] usb usb1: Product: EHCI Host Controller
[    1.270250] usb usb1: Manufacturer: Linux 4.2.0-rc4-00107-gdbe0811 ehci_hcd
[    1.270251] usb usb1: SerialNumber: 0000:02:03.0
[    1.270422] hub 1-0:1.0: USB hub found
[    1.270426] hub 1-0:1.0: 6 ports detected
[    1.270589] ohci_hcd: USB 1.1 'Open' Host Controller (OHCI) Driver
[    1.270594] ohci-pci: OHCI PCI platform driver
[    1.270623] uhci_hcd: USB Universal Host Controller Interface driver
[    1.270971] uhci_hcd 0000:02:00.0: UHCI Host Controller
[    1.271154] uhci_hcd 0000:02:00.0: new USB bus registered, assigned bus number 2
[    1.271204] uhci_hcd 0000:02:00.0: detected 2 ports
[    1.271371] uhci_hcd 0000:02:00.0: irq 18, io base 0x00002080
[    1.271460] usb usb2: New USB device found, idVendor=1d6b, idProduct=0001
[    1.271461] usb usb2: New USB device strings: Mfr=3, Product=2, SerialNumber=1
[    1.271462] usb usb2: Product: UHCI Host Controller
[    1.271463] usb usb2: Manufacturer: Linux 4.2.0-rc4-00107-gdbe0811 uhci_hcd
[    1.271463] usb usb2: SerialNumber: 0000:02:00.0
[    1.271649] hub 2-0:1.0: USB hub found
[    1.271654] hub 2-0:1.0: 2 ports detected
[    1.271807] usbcore: registered new interface driver usbserial
[    1.271811] usbcore: registered new interface driver usbserial_generic
[    1.271816] usbserial: USB Serial support registered for generic
[    1.271838] i8042: PNP: PS/2 Controller [PNP0303:KBC,PNP0f13:MOUS] at 0x60,0x64 irq 1,12
[    1.272777] serio: i8042 KBD port at 0x60,0x64 irq 1
[    1.272782] serio: i8042 AUX port at 0x60,0x64 irq 12
[    1.273012] mousedev: PS/2 mouse device common for all mice
[    1.276239] input: AT Translated Set 2 keyboard as /devices/platform/i8042/serio0/input/input1
[    1.294258] rtc_cmos 00:01: rtc core: registered rtc_cmos as rtc0
[    1.294378] rtc_cmos 00:01: alarms up to one month, y3k, 114 bytes nvram, hpet irqs
[    1.295578] hidraw: raw HID events driver (C) Jiri Kosina
[    1.295691] usbcore: registered new interface driver usbhid
[    1.295692] usbhid: USB HID core driver
[    1.295926] drop_monitor: Initializing network drop monitor service
[    1.296017] Initializing XFRM netlink socket
[    1.296106] NET: Registered protocol family 10
[    1.296706] NET: Registered protocol family 17
[    1.297668] Loading compiled-in X.509 certificates
[    1.298296] Loaded X.509 cert 'Build time autogenerated kernel key: 1699f8c6f48aad25b5fc41cfb2babe7e1c87ae88'
[    1.298309] registered taskstats version 1
[    1.298319] zswap: loading zswap
[    1.298321] zswap: using zbud pool
[    1.298326] zswap: using lzo compressor
[    1.301230] Key type trusted registered
[    1.303612] Key type encrypted registered
[    1.303627] ima: No TPM chip found, activating TPM-bypass!
[    1.303689] evm: HMAC attrs: 0x1
[    1.307933] rtc_cmos 00:01: setting system clock to 2015-07-31 09:55:46 UTC (1438336546)
[    1.308543] Freeing unused kernel memory: 1732K (ffffffff81ab7000 - ffffffff81c68000)
[    1.311034] systemd[1]: systemd 208 running in system mode. (+PAM +LIBWRAP +AUDIT +SELINUX +IMA +SYSVINIT +LIBCRYPTSETUP +GCRYPT +ACL +XZ)
[    1.311063] systemd[1]: Detected virtualization 'vmware'.
[    1.311065] systemd[1]: Running in initial RAM disk.
[    1.311114] systemd[1]: Set hostname to <linux-3k8s>.
[    1.311783] random: systemd urandom read with 3 bits of entropy available
[    1.332373] systemd[1]: Expecting device dev-mapper-centos_linux\x2d\x2d3k8s\x2droot.device...
[    1.332384] systemd[1]: Starting -.slice.
[    1.332553] systemd[1]: Created slice -.slice.
[    1.332581] systemd[1]: Starting System Slice.
[    1.332667] systemd[1]: Created slice System Slice.
[    1.332693] systemd[1]: Starting Slices.
[    1.332700] systemd[1]: Reached target Slices.
[    1.332720] systemd[1]: Starting Timers.
[    1.332727] systemd[1]: Reached target Timers.
[    1.332746] systemd[1]: Starting Journal Socket.
[    1.332780] systemd[1]: Listening on Journal Socket.
[    1.332833] systemd[1]: Started dracut ask for additional cmdline parameters.
[    1.332929] systemd[1]: Starting dracut cmdline hook...
[    1.333466] systemd[1]: Started Load Kernel Modules.
[    1.333566] systemd[1]: Starting Setup Virtual Console...
[    1.334642] systemd[1]: Starting Journal Service...
[    1.337324] systemd[1]: Started Journal Service.
[    1.482003] input: ImPS/2 Generic Wheel Mouse as /devices/platform/i8042/serio1/input/input3
[    1.499869] device-mapper: uevent: version 1.0.3
[    1.500011] device-mapper: ioctl: 4.32.0-ioctl (2015-6-26) initialised: dm-devel@redhat.com
[    1.539475] systemd-udevd[291]: starting version 208
[    1.622202] usb 2-1: new full-speed USB device number 2 using uhci_hcd
[    1.626398] Floppy drive(s): fd0 is 1.44M
[    1.660507] FDC 0 is a post-1991 82077
[    1.729332] e1000: Intel(R) PRO/1000 Network Driver - version 7.3.21-k8-NAPI
[    1.729336] e1000: Copyright (c) 1999-2006 Intel Corporation.
[    1.730493] Fusion MPT base driver 3.04.20
[    1.730495] Copyright (c) 1999-2008 LSI Corporation
[    1.746081] libata version 3.00 loaded.
[    1.751362] ata_piix 0000:00:07.1: version 2.13
[    1.753321] Fusion MPT SPI Host driver 3.04.20
[    1.764202] scsi host0: ata_piix
[    1.768846] scsi host1: ata_piix
[    1.768902] ata1: PATA max UDMA/33 cmd 0x1f0 ctl 0x3f6 bmdma 0x10c0 irq 14
[    1.768904] ata2: PATA max UDMA/33 cmd 0x170 ctl 0x376 bmdma 0x10c8 irq 15
[    1.771556] mptbase: ioc0: Initiating bringup
[    1.791108] ioc0: LSI53C1030 B0: Capabilities={Initiator}
[    1.808138] [drm] Initialized drm 1.1.0 20060810
[    1.828116] usb 2-1: New USB device found, idVendor=0e0f, idProduct=0003
[    1.828117] usb 2-1: New USB device strings: Mfr=1, Product=2, SerialNumber=0
[    1.828119] usb 2-1: Product: VMware Virtual USB Mouse
[    1.828120] usb 2-1: Manufacturer: VMware
[    1.838241] scsi host2: ioc0: LSI53C1030 B0, FwRev=01032920h, Ports=1, MaxQ=128, IRQ=17
[    1.839219] input: VMware VMware Virtual USB Mouse as /devices/pci0000:00/0000:00:11.0/0000:02:00.0/usb2/2-1/2-1:1.0/0003:0E0F:0003.0001/input/input4
[    1.839318] hid-generic 0003:0E0F:0003.0001: input,hidraw0: USB HID v1.10 Mouse [VMware VMware Virtual USB Mouse] on usb-0000:02:00.0-1/input0
[    1.845667] input: VMware VMware Virtual USB Mouse as /devices/pci0000:00/0000:00:11.0/0000:02:00.0/usb2/2-1/2-1:1.1/0003:0E0F:0003.0002/input/input5
[    1.845756] hid-generic 0003:0E0F:0003.0002: input,hidraw1: USB HID v1.10 Mouse [VMware VMware Virtual USB Mouse] on usb-0000:02:00.0-1/input1
[    1.867957] scsi 2:0:0:0: Direct-Access     VMware,  VMware Virtual S 1.0  PQ: 0 ANSI: 2
[    1.867968] scsi target2:0:0: Beginning Domain Validation
[    1.870224] scsi target2:0:0: Domain Validation skipping write tests
[    1.870226] scsi target2:0:0: Ending Domain Validation
[    1.870316] scsi target2:0:0: FAST-40 WIDE SCSI 80.0 MB/s ST (25 ns, offset 127)
[    1.947529] usb 2-2: new full-speed USB device number 3 using uhci_hcd
[    1.963627] [drm] DMA map mode: Using physical TTM page addresses.
[    1.963674] [drm] Capabilities:
[    1.963675] [drm]   Rect copy.
[    1.963675] [drm]   Cursor.
[    1.963676] [drm]   Cursor bypass.
[    1.963676] [drm]   Cursor bypass 2.
[    1.963677] [drm]   8bit emulation.
[    1.963677] [drm]   Alpha cursor.
[    1.963678] [drm]   Extended Fifo.
[    1.963678] [drm]   Multimon.
[    1.963679] [drm]   Pitchlock.
[    1.963679] [drm]   Irq mask.
[    1.963680] [drm]   Display Topology.
[    1.963680] [drm]   GMR.
[    1.963681] [drm]   Traces.
[    1.963681] [drm]   GMR2.
[    1.963682] [drm]   Screen Object 2.
[    1.963682] [drm]   Command Buffers.
[    1.963683] [drm] Max GMR ids is 64
[    1.963683] [drm] Max number of GMR pages is 196608
[    1.963684] [drm] Max dedicated hypervisor surface memory is 786432 kiB
